---
source: crates/vox-integration-tests/tests/pipeline/includes/include_01.rs
expression: shell
---
import React, { useState } from "react";

export function Shell(): React.ReactElement {
    const [x, _set_x] = useState(0);
  return (
    <div className={["flex", "flex-col", "shell"].filter(Boolean).join(" ")}>
      {x}
    </div>
  );
}
