    Checking vox-pm v0.1.0 (C:\Users\Owner\vox\crates\vox-pm)
    Checking vox-db v0.1.0 (C:\Users\Owner\vox\crates\vox-db)
    Checking vox-ludus v0.1.0 (C:\Users\Owner\vox\crates\vox-ludus)
    Checking vox-skills v0.1.0 (C:\Users\Owner\vox\crates\vox-skills)
crates\vox-skills\src\registry.rs:7:15: warning: unused import: `debug`
warning: `vox-skills` (lib) generated 1 warning (run `cargo fix --lib -p vox-skills` to apply 1 suggestion)
    Checking vox-orchestrator v0.1.0 (C:\Users\Owner\vox\crates\vox-orchestrator)
crates\vox-orchestrator\src\contract.rs:9:5: warning: unused import: `schemars::JsonSchema`
warning: `vox-orchestrator` (lib) generated 1 warning (run `cargo fix --lib -p vox-orchestrator` to apply 1 suggestion)
    Checking vox-mcp v0.1.0 (C:\Users\Owner\vox\crates\vox-mcp)
crates\vox-mcp\src\tools\mod.rs:864:57: error[E0599]: no method named `get_skill_manifest` found for reference `&CodeStore` in the current scope: method not found in `&CodeStore`
crates\vox-mcp\src\gamify.rs:122:14: error[E0599]: no method named `get_user_preference` found for reference `&CodeStore` in the current scope
crates\vox-mcp\src\gamify.rs:125:30: error[E0282]: type annotations needed: cannot infer type
crates\vox-mcp\src\llm_bridge\infer.rs:218:13: error[E0308]: `if` and `else` have incompatible types: expected `(&str, String)`, found `(&str, &str)`
crates\vox-mcp\src\memory.rs:481:14: error[E0599]: no method named `get_user_preference` found for reference `&CodeStore` in the current scope
crates\vox-mcp\src\memory.rs:513:38: error[E0599]: no method named `list_user_preferences` found for reference `&CodeStore` in the current scope
crates\vox-mcp\src\memory.rs:516:21: error[E0282]: type annotations needed: cannot infer type
crates\vox-mcp\src\memory.rs:518:34: error[E0282]: type annotations needed for `(_, _)`
crates\vox-mcp\src\tools\chat_tools.rs:648:41: error[E0609]: no field `id` on type `RepositoryContext`: unknown field
crates\vox-mcp\src\tools\db_tools.rs:210:5: error[E0061]: this function takes 2 arguments but 1 argument was supplied
crates\vox-mcp\src\tools\db_tools.rs:242:5: error[E0061]: this function takes 2 arguments but 1 argument was supplied
crates\vox-mcp\src\tools\input_schemas.rs:19:49: error[E0277]: the trait bound `TaskCapabilityHints: JsonSchema` is not satisfied: the trait `JsonSchema` is not implemented for `TaskCapabilityHints`
error: could not compile `vox-mcp` (lib) due to 12 previous errors
