    Finished `test` profile [unoptimized + debuginfo] target(s) in 0.18s
     Running tests\parity_test.rs (target\debug\deps\parity_test-d4cfa9ce4468e98f.exe)

running 1 test
Failed to parse C:\Users\Owner\vox\examples\agent.vox:
  ParseError { message: "Unexpected token at top level: agent_def", span: Span { start: 137, end: 146 }, expected: ["fn", "import", "type"], found: Some("agent_def") }
  ParseError { message: "Expected fn, found (", span: Span { start: 453, end: 454 }, expected: ["fn"], found: Some("(") }
  ParseError { message: "Unexpected token at top level: action", span: Span { start: 573, end: 579 }, expected: ["fn", "import", "type"], found: Some("action") }
Failed to parse C:\Users\Owner\vox\examples\archive\automation\pilot_populi_gate_hint.vox:
  ParseError { message: "Expected {, found :", span: Span { start: 92, end: 93 }, expected: ["{"], found: Some(":") }
  ParseError { message: "Unexpected token at top level: print", span: Span { start: 98, end: 103 }, expected: ["fn", "import", "type"], found: Some("print") }
Failed to parse C:\Users\Owner\vox\examples\archive\automation\pilot_ssot_guard_hint.vox:
  ParseError { message: "Expected {, found :", span: Span { start: 135, end: 136 }, expected: ["{"], found: Some(":") }
  ParseError { message: "Unexpected token at top level: print", span: Span { start: 141, end: 146 }, expected: ["fn", "import", "type"], found: Some("print") }
Parsed C:\Users\Owner\vox\examples\archive\chatbot_pipeline.vox
Failed to parse C:\Users\Owner\vox\examples\archive\durable-workflow\src\main.vox:
  ParseError { message: "Expected {, found :", span: Span { start: 1040, end: 1041 }, expected: ["{"], found: Some(":") }
  ParseError { message: "Unexpected token at top level: let", span: Span { start: 1047, end: 1050 }, expected: ["fn", "import", "type"], found: Some("let") }
  ParseError { message: "Unexpected token at top level: ret", span: Span { start: 1095, end: 1098 }, expected: ["fn", "import", "type"], found: Some("ret") }
  ParseError { message: "Expected {, found :", span: Span { start: 1185, end: 1186 }, expected: ["{"], found: Some(":") }
  ParseError { message: "Unexpected token at top level: let", span: Span { start: 1192, end: 1195 }, expected: ["fn", "import", "type"], found: Some("let") }
  ParseError { message: "Unexpected token at top level: ret", span: Span { start: 1228, end: 1231 }, expected: ["fn", "import", "type"], found: Some("ret") }
  ParseError { message: "Expected {, found :", span: Span { start: 1329, end: 1330 }, expected: ["{"], found: Some(":") }
  ParseError { message: "Unexpected token at top level: let", span: Span { start: 1336, end: 1339 }, expected: ["fn", "import", "type"], found: Some("let") }
  ParseError { message: "Unexpected token at top level: ret", span: Span { start: 1422, end: 1425 }, expected: ["fn", "import", "type"], found: Some("ret") }
  ParseError { message: "Expected {, found :", span: Span { start: 1505, end: 1506 }, expected: ["{"], found: Some(":") }
  ParseError { message: "Unexpected token at top level: let", span: Span { start: 1512, end: 1515 }, expected: ["fn", "import", "type"], found: Some("let") }
  ParseError { message: "Unexpected token at top level: ret", span: Span { start: 1579, end: 1582 }, expected: ["fn", "import", "type"], found: Some("ret") }
  ParseError { message: "Expected {, found :", span: Span { start: 1801, end: 1802 }, expected: ["{"], found: Some(":") }
  ParseError { message: "Unexpected token at top level: let", span: Span { start: 1808, end: 1811 }, expected: ["fn", "import", "type"], found: Some("let") }
  ParseError { message: "Unexpected token at top level: let", span: Span { start: 1879, end: 1882 }, expected: ["fn", "import", "type"], found: Some("let") }
  ParseError { message: "Unexpected token at top level: let", span: Span { start: 2021, end: 2024 }, expected: ["fn", "import", "type"], found: Some("let") }
  ParseError { message: "Unexpected token at top level: let", span: Span { start: 2170, end: 2173 }, expected: ["fn", "import", "type"], found: Some("let") }
  ParseError { message: "Unexpected token at top level: ret", span: Span { start: 2254, end: 2257 }, expected: ["fn", "import", "type"], found: Some("ret") }
Failed to parse C:\Users\Owner\vox\examples\archive\greater_fool\app.vox:
  ParseError { message: "Expected {, found :", span: Span { start: 171, end: 172 }, expected: ["{"], found: Some(":") }
  ParseError { message: "Unexpected token at top level: let", span: Span { start: 197, end: 200 }, expected: ["fn", "import", "type"], found: Some("let") }
  ParseError { message: "Unexpected token at top level: let", span: Span { start: 241, end: 244 }, expected: ["fn", "import", "type"], found: Some("let") }
  ParseError { message: "Unexpected token at top level: )", span: Span { start: 313, end: 314 }, expected: ["fn", "import", "type"], found: Some(")") }
  ParseError { message: "Unexpected token at top level: let", span: Span { start: 331, end: 334 }, expected: ["fn", "import", "type"], found: Some("let") }
  ParseError { message: "Unexpected token at top level: use_effect", span: Span { start: 418, end: 428 }, expected: ["fn", "import", "type"], found: Some("use_effect") }
  ParseError { message: "Unexpected token at top level: let", span: Span { start: 442, end: 445 }, expected: ["fn", "import", "type"], found: Some("let") }
  ParseError { message: "Unexpected token at top level: el", span: Span { start: 504, end: 506 }, expected: ["fn", "import", "type"], found: Some("el") }
  ParseError { message: "Unexpected token at top level: )", span: Span { start: 547, end: 548 }, expected: ["fn", "import", "type"], found: Some(")") }
  ParseError { message: "Unexpected token at top level: ,", span: Span { start: 554, end: 555 }, expected: ["fn", "import", "type"], found: Some(",") }
  ParseError { message: "Unexpected token at top level: let", span: Span { start: 581, end: 584 }, expected: ["fn", "import", "type"], found: Some("let") }
  ParseError { message: "Unexpected token at top level: e", span: Span { start: 628, end: 629 }, expected: ["fn", "import", "type"], found: Some("e") }
  ParseError { message: "Unexpected token at top level: if", span: Span { start: 657, end: 659 }, expected: ["fn", "import", "type"], found: Some("if") }
  ParseError { message: "Unexpected token at top level: set_loading", span: Span { start: 695, end: 706 }, expected: ["fn", "import", "type"], found: Some("set_loading") }
  ParseError { message: "Unexpected token at top level: let", span: Span { start: 722, end: 725 }, expected: ["fn", "import", "type"], found: Some("let") }
  ParseError { message: "Unexpected token at top level: set_input", span: Span { start: 747, end: 756 }, expected: ["fn", "import", "type"], found: Some("set_input") }
  ParseError { message: "Unexpected token at top level: let", span: Span { start: 820, end: 823 }, expected: ["fn", "import", "type"], found: Some("let") }
  ParseError { message: "Unexpected token at top level: set_loading", span: Span { start: 889, end: 900 }, expected: ["fn", "import", "type"], found: Some("set_loading") }
  ParseError { message: "Unexpected token at top level: <", span: Span { start: 929, end: 930 }, expected: ["fn", "import", "type"], found: Some("<") }
  ParseError { message: "Unexpected token at top level: <", span: Span { start: 1081, end: 1082 }, expected: ["fn", "import", "type"], found: Some("<") }
  ParseError { message: "Unexpected token at top level: <", span: Span { start: 1192, end: 1193 }, expected: ["fn", "import", "type"], found: Some("<") }
  ParseError { message: "Unexpected token at top level: <", span: Span { start: 1260, end: 1261 }, expected: ["fn", "import", "type"], found: Some("<") }
  ParseError { message: "Unexpected token at top level: Greater", span: Span { start: 1391, end: 1398 }, expected: ["fn", "import", "type"], found: Some("Greater") }
  ParseError { message: "Unexpected token at top level: </", span: Span { start: 1421, end: 1423 }, expected: ["fn", "import", "type"], found: Some("</") }
  ParseError { message: "Unexpected token at top level: <", span: Span { start: 1444, end: 1445 }, expected: ["fn", "import", "type"], found: Some("<") }
  ParseError { message: "Unexpected token at top level: </", span: Span { start: 1562, end: 1564 }, expected: ["fn", "import", "type"], found: Some("</") }
  ParseError { message: "Unexpected token at top level: <", span: Span { start: 1587, end: 1588 }, expected: ["fn", "import", "type"], found: Some("<") }
  ParseError { message: "Unexpected token at top level: <", span: Span { start: 1659, end: 1660 }, expected: ["fn", "import", "type"], found: Some("<") }
  ParseError { message: "Unexpected token at top level: <", span: Span { start: 1868, end: 1869 }, expected: ["fn", "import", "type"], found: Some("<") }
  ParseError { message: "Unexpected token at top level: Current", span: Span { start: 1964, end: 1971 }, expected: ["fn", "import", "type"], found: Some("Current") }
  ParseError { message: "Unexpected token at top level: </", span: Span { start: 1997, end: 1999 }, expected: ["fn", "import", "type"], found: Some("</") }
  ParseError { message: "Unexpected token at top level: </", span: Span { start: 2020, end: 2022 }, expected: ["fn", "import", "type"], found: Some("</") }
  ParseError { message: "Unexpected token at top level: <", span: Span { start: 2042, end: 2043 }, expected: ["fn", "import", "type"], found: Some("<") }
  ParseError { message: "Unexpected token at top level: <", span: Span { start: 2126, end: 2127 }, expected: ["fn", "import", "type"], found: Some("<") }
  ParseError { message: "Unexpected token at top level: <", span: Span { start: 2247, end: 2248 }, expected: ["fn", "import", "type"], found: Some("<") }
  ParseError { message: "Unexpected token at top level: <", span: Span { start: 2392, end: 2393 }, expected: ["fn", "import", "type"], found: Some("<") }
  ParseError { message: "Unexpected token at top level: <", span: Span { start: 2450, end: 2451 }, expected: ["fn", "import", "type"], found: Some("<") }
  ParseError { message: "Unexpected token at top level: <", span: Span { start: 2532, end: 2533 }, expected: ["fn", "import", "type"], found: Some("<") }
  ParseError { message: "Unexpected token at top level: </", span: Span { start: 2634, end: 2636 }, expected: ["fn", "import", "type"], found: Some("</") }
  ParseError { message: "Unexpected token at top level: </", span: Span { start: 2658, end: 2660 }, expected: ["fn", "import", "type"], found: Some("</") }
  ParseError { message: "Unexpected token at top level: </", span: Span { start: 2678, end: 2680 }, expected: ["fn", "import", "type"], found: Some("</") }
  ParseError { message: "Unexpected token at top level: </", span: Span { start: 2697, end: 2699 }, expected: ["fn", "import", "type"], found: Some("</") }
  ParseError { message: "Unexpected token at top level: <", span: Span { start: 2759, end: 2760 }, expected: ["fn", "import", "type"], found: Some("<") }
  ParseError { message: "Unexpected token at top level: <", span: Span { start: 2871, end: 2872 }, expected: ["fn", "import", "type"], found: Some("<") }
  ParseError { message: "Unexpected token at top level: <", span: Span { start: 2973, end: 2974 }, expected: ["fn", "import", "type"], found: Some("<") }
  ParseError { message: "Unexpected token at top level: <", span: Span { start: 3101, end: 3102 }, expected: ["fn", "import", "type"], found: Some("<") }
  ParseError { message: "Unexpected token at top level: </", span: Span { start: 3227, end: 3229 }, expected: ["fn", "import", "type"], found: Some("</") }
  ParseError { message: "Unexpected token at top level: <", span: Span { start: 3276, end: 3277 }, expected: ["fn", "import", "type"], found: Some("<") }
  ParseError { message: "Unexpected token at top level: for", span: Span { start: 3371, end: 3374 }, expected: ["fn", "import", "type"], found: Some("for") }
  ParseError { message: "Unexpected token at top level: <", span: Span { start: 3412, end: 3413 }, expected: ["fn", "import", "type"], found: Some("<") }
  ParseError { message: "Unexpected token at top level: >", span: Span { start: 3493, end: 3494 }, expected: ["fn", "import", "type"], found: Some(">") }
  ParseError { message: "Unexpected token at top level: <", span: Span { start: 3520, end: 3521 }, expected: ["fn", "import", "type"], found: Some("<") }
  ParseError { message: "Unexpected token at top level: >", span: Span { start: 3699, end: 3700 }, expected: ["fn", "import", "type"], found: Some(">") }
  ParseError { message: "Unexpected token at top level: {", span: Span { start: 3730, end: 3731 }, expected: ["fn", "import", "type"], found: Some("{") }
  ParseError { message: "Unexpected token at top level: if", span: Span { start: 3844, end: 3846 }, expected: ["fn", "import", "type"], found: Some("if") }
  ParseError { message: "Unexpected token at top level: let", span: Span { start: 3905, end: 3908 }, expected: ["fn", "import", "type"], found: Some("let") }
  ParseError { message: "Unexpected token at top level: )", span: Span { start: 3962, end: 3963 }, expected: ["fn", "import", "type"], found: Some(")") }
  ParseError { message: "Unexpected token at top level: if", span: Span { start: 4005, end: 4007 }, expected: ["fn", "import", "type"], found: Some("if") }
  ParseError { message: "Unexpected token at top level: <", span: Span { start: 4051, end: 4052 }, expected: ["fn", "import", "type"], found: Some("<") }
  ParseError { message: "Unexpected token at top level: <", span: Span { start: 4160, end: 4161 }, expected: ["fn", "import", "type"], found: Some("<") }
  ParseError { message: "Unexpected token at top level: <", span: Span { start: 4247, end: 4248 }, expected: ["fn", "import", "type"], found: Some("<") }
  ParseError { message: "Unexpected token at top level: <", span: Span { start: 4402, end: 4403 }, expected: ["fn", "import", "type"], found: Some("<") }
  ParseError { message: "Unexpected token at top level: </", span: Span { start: 4499, end: 4501 }, expected: ["fn", "import", "type"], found: Some("</") }
  ParseError { message: "Unexpected token at top level: <", span: Span { start: 4547, end: 4548 }, expected: ["fn", "import", "type"], found: Some("<") }
  ParseError { message: "Unexpected token at top level: <", span: Span { start: 4654, end: 4655 }, expected: ["fn", "import", "type"], found: Some("<") }
  ParseError { message: "Unexpected token at top level: <", span: Span { start: 4728, end: 4729 }, expected: ["fn", "import", "type"], found: Some("<") }
  ParseError { message: "Unexpected token at top level: <", span: Span { start: 4850, end: 4851 }, expected: ["fn", "import", "type"], found: Some("<") }
  ParseError { message: "Unexpected token at top level: <", span: Span { start: 4960, end: 4961 }, expected: ["fn", "import", "type"], found: Some("<") }
  ParseError { message: "Unexpected token at top level: >", span: Span { start: 5059, end: 5060 }, expected: ["fn", "import", "type"], found: Some(">") }
  ParseError { message: "Unexpected token at top level: </", span: Span { start: 5083, end: 5085 }, expected: ["fn", "import", "type"], found: Some("</") }
  ParseError { message: "Unexpected token at top level: </", span: Span { start: 5133, end: 5135 }, expected: ["fn", "import", "type"], found: Some("</") }
  ParseError { message: "Unexpected token at top level: <", span: Span { start: 5185, end: 5186 }, expected: ["fn", "import", "type"], found: Some("<") }
  ParseError { message: "Unexpected token at top level: <", span: Span { start: 5307, end: 5308 }, expected: ["fn", "import", "type"], found: Some("<") }
  ParseError { message: "Unexpected token at top level: <", span: Span { start: 5422, end: 5423 }, expected: ["fn", "import", "type"], found: Some("<") }
  ParseError { message: "Unexpected token at top level: for", span: Span { start: 5511, end: 5514 }, expected: ["fn", "import", "type"], found: Some("for") }
  ParseError { message: "Unexpected token at top level: <", span: Span { start: 5584, end: 5585 }, expected: ["fn", "import", "type"], found: Some("<") }
  ParseError { message: "Unexpected token at top level: >", span: Span { start: 5684, end: 5685 }, expected: ["fn", "import", "type"], found: Some(">") }
  ParseError { message: "Unexpected token at top level: </", span: Span { start: 5741, end: 5743 }, expected: ["fn", "import", "type"], found: Some("</") }
  ParseError { message: "Unexpected token at top level: </", span: Span { start: 5793, end: 5795 }, expected: ["fn", "import", "type"], found: Some("</") }
  ParseError { message: "Unexpected token at top level: </", span: Span { start: 5841, end: 5843 }, expected: ["fn", "import", "type"], found: Some("</") }
  ParseError { message: "Unexpected token at top level: </", span: Span { start: 5885, end: 5887 }, expected: ["fn", "import", "type"], found: Some("</") }
  ParseError { message: "Unexpected token at top level: </", span: Span { start: 5917, end: 5919 }, expected: ["fn", "import", "type"], found: Some("</") }
  ParseError { message: "Unexpected token at top level: </", span: Span { start: 5945, end: 5947 }, expected: ["fn", "import", "type"], found: Some("</") }
  ParseError { message: "Unexpected token at top level: if", span: Span { start: 5971, end: 5973 }, expected: ["fn", "import", "type"], found: Some("if") }
  ParseError { message: "Unexpected token at top level: <", span: Span { start: 6004, end: 6005 }, expected: ["fn", "import", "type"], found: Some("<") }
  ParseError { message: "Unexpected token at top level: <", span: Span { start: 6066, end: 6067 }, expected: ["fn", "import", "type"], found: Some("<") }
  ParseError { message: "Unexpected token at top level: <", span: Span { start: 6198, end: 6199 }, expected: ["fn", "import", "type"], found: Some("<") }
  ParseError { message: "Unexpected token at top level: <", span: Span { start: 6333, end: 6334 }, expected: ["fn", "import", "type"], found: Some("<") }
  ParseError { message: "Unexpected token at top level: </", span: Span { start: 6458, end: 6460 }, expected: ["fn", "import", "type"], found: Some("</") }
  ParseError { message: "Unexpected token at top level: </", span: Span { start: 6486, end: 6488 }, expected: ["fn", "import", "type"], found: Some("</") }
  ParseError { message: "Unexpected token at top level: <", span: Span { start: 6512, end: 6513 }, expected: ["fn", "import", "type"], found: Some("<") }
  ParseError { message: "Unexpected token at top level: </", span: Span { start: 6556, end: 6558 }, expected: ["fn", "import", "type"], found: Some("</") }
  ParseError { message: "Unexpected token at top level: <", span: Span { start: 6608, end: 6609 }, expected: ["fn", "import", "type"], found: Some("<") }
  ParseError { message: "Unexpected token at top level: <", span: Span { start: 6660, end: 6661 }, expected: ["fn", "import", "type"], found: Some("<") }
  ParseError { message: "Unexpected token at top level: className", span: Span { start: 6691, end: 6700 }, expected: ["fn", "import", "type"], found: Some("className") }
  ParseError { message: "Unexpected token at top level: <", span: Span { start: 6758, end: 6759 }, expected: ["fn", "import", "type"], found: Some("<") }
  ParseError { message: "Unexpected token at top level: <", span: Span { start: 6906, end: 6907 }, expected: ["fn", "import", "type"], found: Some("<") }
  ParseError { message: "Unexpected token at top level: <", span: Span { start: 7132, end: 7133 }, expected: ["fn", "import", "type"], found: Some("<") }
  ParseError { message: "Expected identifier", span: Span { start: 7172, end: 7173 }, expected: ["identifier"], found: Some("=") }
  ParseError { message: "Unexpected token at top level: value", span: Span { start: 7209, end: 7214 }, expected: ["fn", "import", "type"], found: Some("value") }
  ParseError { message: "Unexpected token at top level: onChange", span: Span { start: 7252, end: 7260 }, expected: ["fn", "import", "type"], found: Some("onChange") }
  ParseError { message: "Unexpected token at top level: placeholder", span: Span { start: 7325, end: 7336 }, expected: ["fn", "import", "type"], found: Some("placeholder") }
  ParseError { message: "Unexpected token at top level: className", span: Span { start: 7399, end: 7408 }, expected: ["fn", "import", "type"], found: Some("className") }
  ParseError { message: "Unexpected token at top level: />", span: Span { start: 7541, end: 7543 }, expected: ["fn", "import", "type"], found: Some("/>") }
  ParseError { message: "Unexpected token at top level: <", span: Span { start: 7569, end: 7570 }, expected: ["fn", "import", "type"], found: Some("<") }
  ParseError { message: "Expected identifier", span: Span { start: 7610, end: 7611 }, expected: ["identifier"], found: Some("=") }
  ParseError { message: "Unexpected token at top level: disabled", span: Span { start: 7649, end: 7657 }, expected: ["fn", "import", "type"], found: Some("disabled") }
  ParseError { message: "Unexpected token at top level: className", span: Span { start: 7719, end: 7728 }, expected: ["fn", "import", "type"], found: Some("className") }
  ParseError { message: "Unexpected token at top level: >", span: Span { start: 7924, end: 7925 }, expected: ["fn", "import", "type"], found: Some(">") }
  ParseError { message: "Unexpected token at top level: <", span: Span { start: 7955, end: 7956 }, expected: ["fn", "import", "type"], found: Some("<") }
  ParseError { message: "Unexpected token at top level: <", span: Span { start: 8068, end: 8069 }, expected: ["fn", "import", "type"], found: Some("<") }
  ParseError { message: "Unexpected token at top level: </", span: Span { start: 8199, end: 8201 }, expected: ["fn", "import", "type"], found: Some("</") }
  ParseError { message: "Unexpected token at top level: </", span: Span { start: 8231, end: 8233 }, expected: ["fn", "import", "type"], found: Some("</") }
  ParseError { message: "Unexpected token at top level: </", span: Span { start: 8262, end: 8264 }, expected: ["fn", "import", "type"], found: Some("</") }
  ParseError { message: "Unexpected token at top level: <", span: Span { start: 8290, end: 8291 }, expected: ["fn", "import", "type"], found: Some("<") }
  ParseError { message: "Unexpected token at top level: Vox", span: Span { start: 8402, end: 8405 }, expected: ["fn", "import", "type"], found: Some("Vox") }
  ParseError { message: "Unexpected token at top level: </", span: Span { start: 8481, end: 8483 }, expected: ["fn", "import", "type"], found: Some("</") }
  ParseError { message: "Unexpected token at top level: </", span: Span { start: 8503, end: 8505 }, expected: ["fn", "import", "type"], found: Some("</") }
  ParseError { message: "Unexpected token at top level: </", span: Span { start: 8524, end: 8526 }, expected: ["fn", "import", "type"], found: Some("</") }
  ParseError { message: "Unexpected token at top level: </", span: Span { start: 8543, end: 8545 }, expected: ["fn", "import", "type"], found: Some("</") }
  ParseError { message: "Unexpected token at top level: </", span: Span { start: 8556, end: 8558 }, expected: ["fn", "import", "type"], found: Some("</") }
Failed to parse C:\Users\Owner\vox\examples\archive\greater_fool\config.vox:
  ParseError { message: "Unexpected token at top level: nfig", span: Span { start: 188, end: 192 }, expected: ["fn", "import", "type"], found: Some("nfig") }
  ParseError { message: "Unexpected token at top level: gist_model", span: Span { start: 214, end: 224 }, expected: ["fn", "import", "type"], found: Some("gist_model") }
  ParseError { message: "Unexpected token at top level: verbatim_model", span: Span { start: 238, end: 252 }, expected: ["fn", "import", "type"], found: Some("verbatim_model") }
  ParseError { message: "Unexpected token at top level: decision_model", span: Span { start: 266, end: 280 }, expected: ["fn", "import", "type"], found: Some("decision_model") }
  ParseError { message: "Unexpected token at top level: router_model", span: Span { start: 294, end: 306 }, expected: ["fn", "import", "type"], found: Some("router_model") }
  ParseError { message: "Unexpected token at top level: chat_model", span: Span { start: 320, end: 330 }, expected: ["fn", "import", "type"], found: Some("chat_model") }
  ParseError { message: "Unexpected token at top level: embed_model", span: Span { start: 344, end: 355 }, expected: ["fn", "import", "type"], found: Some("embed_model") }
  ParseError { message: "Unexpected token at top level: nfig", span: Span { start: 370, end: 374 }, expected: ["fn", "import", "type"], found: Some("nfig") }
  ParseError { message: "Unexpected token at top level: default_stage", span: Span { start: 394, end: 407 }, expected: ["fn", "import", "type"], found: Some("default_stage") }
  ParseError { message: "Unexpected token at top level: enable_provenance", span: Span { start: 421, end: 438 }, expected: ["fn", "import", "type"], found: Some("enable_provenance") }
  ParseError { message: "Unexpected token at top level: enable_token_tracking", span: Span { start: 452, end: 473 }, expected: ["fn", "import", "type"], found: Some("enable_token_tracking") }
  ParseError { message: "Unexpected token at top level: gist_lattice_categorical_threshold", span: Span { start: 487, end: 521 }, expected: ["fn", "import", "type"], found: Some("gist_lattice_categorical_threshold") }
  ParseError { message: "Unexpected token at top level: gist_lattice_ordinal_threshold", span: Span { start: 535, end: 565 }, expected: ["fn", "import", "type"], found: Some("gist_lattice_ordinal_threshold") }
Failed to parse C:\Users\Owner\vox\examples\archive\greater_fool\ftt.vox:
  ParseError { message: "Expected {, found :", span: Span { start: 1245, end: 1246 }, expected: ["{"], found: Some(":") }
  ParseError { message: "Unexpected token at top level: match", span: Span { start: 1252, end: 1257 }, expected: ["fn", "import", "type"], found: Some("match") }
  ParseError { message: "Unexpected token at top level: |", span: Span { start: 1274, end: 1275 }, expected: ["fn", "import", "type"], found: Some("|") }
  ParseError { message: "Unexpected token at top level: |", span: Span { start: 1337, end: 1338 }, expected: ["fn", "import", "type"], found: Some("|") }
  ParseError { message: "Unexpected token at top level: |", span: Span { start: 1405, end: 1406 }, expected: ["fn", "import", "type"], found: Some("|") }
  ParseError { message: "Unexpected token at top level: |", span: Span { start: 1468, end: 1469 }, expected: ["fn", "import", "type"], found: Some("|") }
  ParseError { message: "Expected identifier", span: Span { start: 1616, end: 1618 }, expected: ["identifier"], found: Some("<newline>") }
  ParseError { message: "Unexpected token at top level: gist_choice", span: Span { start: 1622, end: 1633 }, expected: ["fn", "import", "type"], found: Some("gist_choice") }
  ParseError { message: "Unexpected token at top level: verbatim_choice", span: Span { start: 1648, end: 1663 }, expected: ["fn", "import", "type"], found: Some("verbatim_choice") }
  ParseError { message: "Unexpected token at top level: gist_confidence", span: Span { start: 1678, end: 1693 }, expected: ["fn", "import", "type"], found: Some("gist_confidence") }
  ParseError { message: "Unexpected token at top level: verbatim_confidence", span: Span { start: 1707, end: 1726 }, expected: ["fn", "import", "type"], found: Some("verbatim_confidence") }
  ParseError { message: "Unexpected token at top level: stage", span: Span { start: 1740, end: 1745 }, expected: ["fn", "import", "type"], found: Some("stage") }
  ParseError { message: "Unexpected token at top level: )", span: Span { start: 1767, end: 1768 }, expected: ["fn", "import", "type"], found: Some(")") }
  ParseError { message: "Unexpected token at top level: let", span: Span { start: 1795, end: 1798 }, expected: ["fn", "import", "type"], found: Some("let") }
  ParseError { message: "Unexpected token at top level: let", span: Span { start: 1833, end: 1836 }, expected: ["fn", "import", "type"], found: Some("let") }
  ParseError { message: "Unexpected token at top level: let", span: Span { start: 1896, end: 1899 }, expected: ["fn", "import", "type"], found: Some("let") }
  ParseError { message: "Unexpected token at top level: if", span: Span { start: 1973, end: 1975 }, expected: ["fn", "import", "type"], found: Some("if") }
  ParseError { message: "Unexpected token at top level: ret", span: Span { start: 2021, end: 2024 }, expected: ["fn", "import", "type"], found: Some("ret") }
  ParseError { message: "Unexpected token at top level: choice", span: Span { start: 2040, end: 2046 }, expected: ["fn", "import", "type"], found: Some("choice") }
  ParseError { message: "Unexpected token at top level: confidence", span: Span { start: 2074, end: 2084 }, expected: ["fn", "import", "type"], found: Some("confidence") }
  ParseError { message: "Unexpected token at top level: reasoning", span: Span { start: 2114, end: 2123 }, expected: ["fn", "import", "type"], found: Some("reasoning") }
  ParseError { message: "Unexpected token at top level: level_used", span: Span { start: 2272, end: 2282 }, expected: ["fn", "import", "type"], found: Some("level_used") }
  ParseError { message: "Unexpected token at top level: conflict_detected", span: Span { start: 2320, end: 2337 }, expected: ["fn", "import", "type"], found: Some("conflict_detected") }
  ParseError { message: "Unexpected token at top level: conflict_resolution", span: Span { start: 2358, end: 2377 }, expected: ["fn", "import", "type"], found: Some("conflict_resolution") }
  ParseError { message: "Unexpected token at top level: }", span: Span { start: 2508, end: 2509 }, expected: ["fn", "import", "type"], found: Some("}") }
  ParseError { message: "Unexpected token at top level: else", span: Span { start: 2515, end: 2519 }, expected: ["fn", "import", "type"], found: Some("else") }
  ParseError { message: "Unexpected token at top level: ret", span: Span { start: 2530, end: 2533 }, expected: ["fn", "import", "type"], found: Some("ret") }
  ParseError { message: "Unexpected token at top level: choice", span: Span { start: 2549, end: 2555 }, expected: ["fn", "import", "type"], found: Some("choice") }
  ParseError { message: "Unexpected token at top level: confidence", span: Span { start: 2587, end: 2597 }, expected: ["fn", "import", "type"], found: Some("confidence") }
  ParseError { message: "Unexpected token at top level: reasoning", span: Span { start: 2631, end: 2640 }, expected: ["fn", "import", "type"], found: Some("reasoning") }
  ParseError { message: "Unexpected token at top level: level_used", span: Span { start: 2798, end: 2808 }, expected: ["fn", "import", "type"], found: Some("level_used") }
  ParseError { message: "Unexpected token at top level: conflict_detected", span: Span { start: 2851, end: 2868 }, expected: ["fn", "import", "type"], found: Some("conflict_detected") }
  ParseError { message: "Unexpected token at top level: conflict_resolution", span: Span { start: 2889, end: 2908 }, expected: ["fn", "import", "type"], found: Some("conflict_resolution") }
  ParseError { message: "Unexpected token at top level: }", span: Span { start: 3043, end: 3044 }, expected: ["fn", "import", "type"], found: Some("}") }
  ParseError { message: "Expected {, found :", span: Span { start: 3343, end: 3344 }, expected: ["{"], found: Some(":") }
  ParseError { message: "Unexpected token at top level: with", span: Span { start: 3350, end: 3354 }, expected: ["fn", "import", "type"], found: Some("with") }
  ParseError { message: "Unexpected token at top level: model", span: Span { start: 3366, end: 3371 }, expected: ["fn", "import", "type"], found: Some("model") }
  ParseError { message: "Unexpected token at top level: temperature", span: Span { start: 3404, end: 3415 }, expected: ["fn", "import", "type"], found: Some("temperature") }
  ParseError { message: "Unexpected token at top level: max_tokens", span: Span { start: 3431, end: 3441 }, expected: ["fn", "import", "type"], found: Some("max_tokens") }
  ParseError { message: "Unexpected token at top level: }", span: Span { start: 3453, end: 3454 }, expected: ["fn", "import", "type"], found: Some("}") }
  ParseError { message: "Unexpected token at top level: prompt", span: Span { start: 3460, end: 3466 }, expected: ["fn", "import", "type"], found: Some("prompt") }
  ParseError { message: "Expected {, found :", span: Span { start: 4224, end: 4225 }, expected: ["{"], found: Some(":") }
  ParseError { message: "Unexpected token at top level: with", span: Span { start: 4231, end: 4235 }, expected: ["fn", "import", "type"], found: Some("with") }
  ParseError { message: "Unexpected token at top level: model", span: Span { start: 4247, end: 4252 }, expected: ["fn", "import", "type"], found: Some("model") }
  ParseError { message: "Unexpected token at top level: temperature", span: Span { start: 4285, end: 4296 }, expected: ["fn", "import", "type"], found: Some("temperature") }
  ParseError { message: "Unexpected token at top level: max_tokens", span: Span { start: 4312, end: 4322 }, expected: ["fn", "import", "type"], found: Some("max_tokens") }
  ParseError { message: "Unexpected token at top level: }", span: Span { start: 4334, end: 4335 }, expected: ["fn", "import", "type"], found: Some("}") }
  ParseError { message: "Unexpected token at top level: prompt", span: Span { start: 4341, end: 4347 }, expected: ["fn", "import", "type"], found: Some("prompt") }
  ParseError { message: "Expected {, found :", span: Span { start: 5953, end: 5954 }, expected: ["{"], found: Some(":") }
  ParseError { message: "Unexpected token at top level: with", span: Span { start: 5960, end: 5964 }, expected: ["fn", "import", "type"], found: Some("with") }
  ParseError { message: "Unexpected token at top level: model", span: Span { start: 5976, end: 5981 }, expected: ["fn", "import", "type"], found: Some("model") }
  ParseError { message: "Unexpected token at top level: temperature", span: Span { start: 6014, end: 6025 }, expected: ["fn", "import", "type"], found: Some("temperature") }
  ParseError { message: "Unexpected token at top level: max_tokens", span: Span { start: 6041, end: 6051 }, expected: ["fn", "import", "type"], found: Some("max_tokens") }
  ParseError { message: "Unexpected token at top level: }", span: Span { start: 6063, end: 6064 }, expected: ["fn", "import", "type"], found: Some("}") }
  ParseError { message: "Unexpected token at top level: prompt", span: Span { start: 6070, end: 6076 }, expected: ["fn", "import", "type"], found: Some("prompt") }
  ParseError { message: "Expected {, found :", span: Span { start: 6774, end: 6775 }, expected: ["{"], found: Some(":") }
  ParseError { message: "Unexpected token at top level: with", span: Span { start: 6781, end: 6785 }, expected: ["fn", "import", "type"], found: Some("with") }
  ParseError { message: "Unexpected token at top level: model", span: Span { start: 6797, end: 6802 }, expected: ["fn", "import", "type"], found: Some("model") }
  ParseError { message: "Unexpected token at top level: temperature", span: Span { start: 6830, end: 6841 }, expected: ["fn", "import", "type"], found: Some("temperature") }
  ParseError { message: "Unexpected token at top level: max_tokens", span: Span { start: 6857, end: 6867 }, expected: ["fn", "import", "type"], found: Some("max_tokens") }
  ParseError { message: "Unexpected token at top level: }", span: Span { start: 6879, end: 6880 }, expected: ["fn", "import", "type"], found: Some("}") }
  ParseError { message: "Unexpected token at top level: prompt", span: Span { start: 6886, end: 6892 }, expected: ["fn", "import", "type"], found: Some("prompt") }
  ParseError { message: "Expected {, found :", span: Span { start: 7697, end: 7698 }, expected: ["{"], found: Some(":") }
  ParseError { message: "Unexpected token at top level: with", span: Span { start: 7704, end: 7708 }, expected: ["fn", "import", "type"], found: Some("with") }
  ParseError { message: "Unexpected token at top level: model", span: Span { start: 7720, end: 7725 }, expected: ["fn", "import", "type"], found: Some("model") }
  ParseError { message: "Unexpected token at top level: temperature", span: Span { start: 7753, end: 7764 }, expected: ["fn", "import", "type"], found: Some("temperature") }
  ParseError { message: "Unexpected token at top level: max_tokens", span: Span { start: 7780, end: 7790 }, expected: ["fn", "import", "type"], found: Some("max_tokens") }
  ParseError { message: "Unexpected token at top level: }", span: Span { start: 7802, end: 7803 }, expected: ["fn", "import", "type"], found: Some("}") }
  ParseError { message: "Unexpected token at top level: prompt", span: Span { start: 7809, end: 7815 }, expected: ["fn", "import", "type"], found: Some("prompt") }
  ParseError { message: "Expected {, found :", span: Span { start: 8497, end: 8498 }, expected: ["{"], found: Some(":") }
  ParseError { message: "Unexpected token at top level: with", span: Span { start: 8504, end: 8508 }, expected: ["fn", "import", "type"], found: Some("with") }
  ParseError { message: "Unexpected token at top level: model", span: Span { start: 8520, end: 8525 }, expected: ["fn", "import", "type"], found: Some("model") }
  ParseError { message: "Unexpected token at top level: temperature", span: Span { start: 8553, end: 8564 }, expected: ["fn", "import", "type"], found: Some("temperature") }
  ParseError { message: "Unexpected token at top level: max_tokens", span: Span { start: 8580, end: 8590 }, expected: ["fn", "import", "type"], found: Some("max_tokens") }
  ParseError { message: "Unexpected token at top level: }", span: Span { start: 8602, end: 8603 }, expected: ["fn", "import", "type"], found: Some("}") }
  ParseError { message: "Unexpected token at top level: prompt", span: Span { start: 8609, end: 8615 }, expected: ["fn", "import", "type"], found: Some("prompt") }
  ParseError { message: "Expected {, found :", span: Span { start: 9378, end: 9379 }, expected: ["{"], found: Some(":") }
  ParseError { message: "Unexpected token at top level: with", span: Span { start: 9385, end: 9389 }, expected: ["fn", "import", "type"], found: Some("with") }
  ParseError { message: "Unexpected token at top level: prompt", span: Span { start: 9463, end: 9469 }, expected: ["fn", "import", "type"], found: Some("prompt") }
  ParseError { message: "Expected {, found :", span: Span { start: 10033, end: 10034 }, expected: ["{"], found: Some(":") }
  ParseError { message: "Unexpected token at top level: with", span: Span { start: 10040, end: 10044 }, expected: ["fn", "import", "type"], found: Some("with") }
  ParseError { message: "Unexpected token at top level: prompt", span: Span { start: 10117, end: 10123 }, expected: ["fn", "import", "type"], found: Some("prompt") }
  ParseError { message: "Expected {, found :", span: Span { start: 10477, end: 10478 }, expected: ["{"], found: Some(":") }
  ParseError { message: "Unexpected token at top level: let", span: Span { start: 10484, end: 10487 }, expected: ["fn", "import", "type"], found: Some("let") }
  ParseError { message: "Unexpected token at top level: let", span: Span { start: 10517, end: 10520 }, expected: ["fn", "import", "type"], found: Some("let") }
  ParseError { message: "Unexpected token at top level: let", span: Span { start: 10550, end: 10553 }, expected: ["fn", "import", "type"], found: Some("let") }
  ParseError { message: "Unexpected token at top level: let", span: Span { start: 10666, end: 10669 }, expected: ["fn", "import", "type"], found: Some("let") }
  ParseError { message: "Unexpected token at top level: if", span: Span { start: 10786, end: 10788 }, expected: ["fn", "import", "type"], found: Some("if") }
  ParseError { message: "Unexpected token at top level: let", span: Span { start: 10834, end: 10837 }, expected: ["fn", "import", "type"], found: Some("let") }
  ParseError { message: "Unexpected token at top level: ret", span: Span { start: 10899, end: 10902 }, expected: ["fn", "import", "type"], found: Some("ret") }
  ParseError { message: "Unexpected token at top level: response", span: Span { start: 10918, end: 10926 }, expected: ["fn", "import", "type"], found: Some("response") }
  ParseError { message: "Unexpected token at top level: gist", span: Span { start: 10956, end: 10960 }, expected: ["fn", "import", "type"], found: Some("gist") }
  ParseError { message: "Unexpected token at top level: verbatim", span: Span { start: 10981, end: 10989 }, expected: ["fn", "import", "type"], found: Some("verbatim") }
  ParseError { message: "Unexpected token at top level: decision", span: Span { start: 11010, end: 11018 }, expected: ["fn", "import", "type"], found: Some("decision") }
  ParseError { message: "Unexpected token at top level: stage", span: Span { start: 11039, end: 11044 }, expected: ["fn", "import", "type"], found: Some("stage") }
  ParseError { message: "Unexpected token at top level: request_id", span: Span { start: 11066, end: 11076 }, expected: ["fn", "import", "type"], found: Some("request_id") }
  ParseError { message: "Unexpected token at top level: input_hash", span: Span { start: 11103, end: 11113 }, expected: ["fn", "import", "type"], found: Some("input_hash") }
  ParseError { message: "Unexpected token at top level: total_time_ms", span: Span { start: 11140, end: 11153 }, expected: ["fn", "import", "type"], found: Some("total_time_ms") }
  ParseError { message: "Unexpected token at top level: gist_time_ms", span: Span { start: 11171, end: 11183 }, expected: ["fn", "import", "type"], found: Some("gist_time_ms") }
  ParseError { message: "Unexpected token at top level: verbatim_time_ms", span: Span { start: 11201, end: 11217 }, expected: ["fn", "import", "type"], found: Some("verbatim_time_ms") }
  ParseError { message: "Unexpected token at top level: decision_time_ms", span: Span { start: 11235, end: 11251 }, expected: ["fn", "import", "type"], found: Some("decision_time_ms") }
  ParseError { message: "Unexpected token at top level: }", span: Span { start: 11264, end: 11265 }, expected: ["fn", "import", "type"], found: Some("}") }
  ParseError { message: "Unexpected token at top level: let", span: Span { start: 11358, end: 11361 }, expected: ["fn", "import", "type"], found: Some("let") }
  ParseError { message: "Unexpected token at top level: let", span: Span { start: 11401, end: 11404 }, expected: ["fn", "import", "type"], found: Some("let") }
  ParseError { message: "Unexpected token at top level: let", span: Span { start: 11454, end: 11457 }, expected: ["fn", "import", "type"], found: Some("let") }
  ParseError { message: "Unexpected token at top level: let", span: Span { start: 11491, end: 11494 }, expected: ["fn", "import", "type"], found: Some("let") }
  ParseError { message: "Unexpected token at top level: let", span: Span { start: 11664, end: 11667 }, expected: ["fn", "import", "type"], found: Some("let") }
  ParseError { message: "Unexpected token at top level: let", span: Span { start: 11750, end: 11753 }, expected: ["fn", "import", "type"], found: Some("let") }
  ParseError { message: "Unexpected token at top level: if", span: Span { start: 11848, end: 11850 }, expected: ["fn", "import", "type"], found: Some("if") }
  ParseError { message: "Unexpected token at top level: let", span: Span { start: 11955, end: 11958 }, expected: ["fn", "import", "type"], found: Some("let") }
  ParseError { message: "Unexpected token at top level: decision_json", span: Span { start: 12039, end: 12052 }, expected: ["fn", "import", "type"], found: Some("decision_json") }
  ParseError { message: "Unexpected token at top level: if", span: Span { start: 12151, end: 12153 }, expected: ["fn", "import", "type"], found: Some("if") }
  ParseError { message: "Unexpected token at top level: let", span: Span { start: 12262, end: 12265 }, expected: ["fn", "import", "type"], found: Some("let") }
  ParseError { message: "Unexpected token at top level: decision_json", span: Span { start: 12357, end: 12370 }, expected: ["fn", "import", "type"], found: Some("decision_json") }
  ParseError { message: "Unexpected token at top level: let", span: Span { start: 12447, end: 12450 }, expected: ["fn", "import", "type"], found: Some("let") }
  ParseError { message: "Unexpected token at top level: message", span: Span { start: 12496, end: 12503 }, expected: ["fn", "import", "type"], found: Some("message") }
  ParseError { message: "Unexpected token at top level: gist_json", span: Span { start: 12514, end: 12523 }, expected: ["fn", "import", "type"], found: Some("gist_json") }
  ParseError { message: "Unexpected token at top level: 0", span: Span { start: 12534, end: 12535 }, expected: ["fn", "import", "type"], found: Some("0") }
  ParseError { message: "Unexpected token at top level: decision_json", span: Span { start: 12546, end: 12559 }, expected: ["fn", "import", "type"], found: Some("decision_json") }
  ParseError { message: "Unexpected token at top level: \"\"", span: Span { start: 12570, end: 12572 }, expected: ["fn", "import", "type"], found: Some("\"\"") }
  ParseError { message: "Unexpected token at top level: )", span: Span { start: 12578, end: 12579 }, expected: ["fn", "import", "type"], found: Some(")") }
  ParseError { message: "Unexpected token at top level: let", span: Span { start: 12620, end: 12623 }, expected: ["fn", "import", "type"], found: Some("let") }
  ParseError { message: "Unexpected token at top level: db", span: Span { start: 12660, end: 12662 }, expected: ["fn", "import", "type"], found: Some("db") }
  ParseError { message: "Unexpected token at top level: id", span: Span { start: 12690, end: 12692 }, expected: ["fn", "import", "type"], found: Some("id") }
  ParseError { message: "Unexpected token at top level: conv_id", span: Span { start: 12711, end: 12718 }, expected: ["fn", "import", "type"], found: Some("conv_id") }
  ParseError { message: "Unexpected token at top level: role", span: Span { start: 12739, end: 12743 }, expected: ["fn", "import", "type"], found: Some("role") }
  ParseError { message: "Unexpected token at top level: content", span: Span { start: 12762, end: 12769 }, expected: ["fn", "import", "type"], found: Some("content") }
  ParseError { message: "Unexpected token at top level: created_at", span: Span { start: 12789, end: 12799 }, expected: ["fn", "import", "type"], found: Some("created_at") }
  ParseError { message: "Unexpected token at top level: }", span: Span { start: 12815, end: 12816 }, expected: ["fn", "import", "type"], found: Some("}") }
  ParseError { message: "Unexpected token at top level: )", span: Span { start: 12816, end: 12817 }, expected: ["fn", "import", "type"], found: Some(")") }
  ParseError { message: "Unexpected token at top level: db", span: Span { start: 12825, end: 12827 }, expected: ["fn", "import", "type"], found: Some("db") }
  ParseError { message: "Unexpected token at top level: id", span: Span { start: 12861, end: 12863 }, expected: ["fn", "import", "type"], found: Some("id") }
  ParseError { message: "Unexpected token at top level: conv_id", span: Span { start: 12895, end: 12902 }, expected: ["fn", "import", "type"], found: Some("conv_id") }
  ParseError { message: "Unexpected token at top level: request_id", span: Span { start: 12923, end: 12933 }, expected: ["fn", "import", "type"], found: Some("request_id") }
  ParseError { message: "Unexpected token at top level: input_hash", span: Span { start: 12956, end: 12966 }, expected: ["fn", "import", "type"], found: Some("input_hash") }
  ParseError { message: "Unexpected token at top level: route", span: Span { start: 12989, end: 12994 }, expected: ["fn", "import", "type"], found: Some("route") }
  ParseError { message: "Unexpected token at top level: stage", span: Span { start: 13017, end: 13022 }, expected: ["fn", "import", "type"], found: Some("stage") }
  ParseError { message: "Unexpected token at top level: gist_model", span: Span { start: 13052, end: 13062 }, expected: ["fn", "import", "type"], found: Some("gist_model") }
  ParseError { message: "Unexpected token at top level: verbatim_model", span: Span { start: 13095, end: 13109 }, expected: ["fn", "import", "type"], found: Some("verbatim_model") }
  ParseError { message: "Unexpected token at top level: decision_model", span: Span { start: 13142, end: 13156 }, expected: ["fn", "import", "type"], found: Some("decision_model") }
  ParseError { message: "Unexpected token at top level: total_time_ms", span: Span { start: 13184, end: 13197 }, expected: ["fn", "import", "type"], found: Some("total_time_ms") }
  ParseError { message: "Unexpected token at top level: ts", span: Span { start: 13211, end: 13213 }, expected: ["fn", "import", "type"], found: Some("ts") }
  ParseError { message: "Unexpected token at top level: }", span: Span { start: 13229, end: 13230 }, expected: ["fn", "import", "type"], found: Some("}") }
  ParseError { message: "Unexpected token at top level: )", span: Span { start: 13230, end: 13231 }, expected: ["fn", "import", "type"], found: Some(")") }
  ParseError { message: "Unexpected token at top level: db", span: Span { start: 13239, end: 13241 }, expected: ["fn", "import", "type"], found: Some("db") }
  ParseError { message: "Unexpected token at top level: id", span: Span { start: 13271, end: 13273 }, expected: ["fn", "import", "type"], found: Some("id") }
  ParseError { message: "Unexpected token at top level: user_id", span: Span { start: 13307, end: 13314 }, expected: ["fn", "import", "type"], found: Some("user_id") }
  ParseError { message: "Unexpected token at top level: event_type", span: Span { start: 13333, end: 13343 }, expected: ["fn", "import", "type"], found: Some("event_type") }
  ParseError { message: "Unexpected token at top level: payload", span: Span { start: 13380, end: 13387 }, expected: ["fn", "import", "type"], found: Some("payload") }
  ParseError { message: "Unexpected token at top level: .", span: Span { start: 13460, end: 13461 }, expected: ["fn", "import", "type"], found: Some(".") }
  ParseError { message: "Unexpected token at top level: ts", span: Span { start: 13481, end: 13483 }, expected: ["fn", "import", "type"], found: Some("ts") }
  ParseError { message: "Unexpected token at top level: }", span: Span { start: 13499, end: 13500 }, expected: ["fn", "import", "type"], found: Some("}") }
  ParseError { message: "Unexpected token at top level: )", span: Span { start: 13500, end: 13501 }, expected: ["fn", "import", "type"], found: Some(")") }
  ParseError { message: "Unexpected token at top level: db", span: Span { start: 13600, end: 13602 }, expected: ["fn", "import", "type"], found: Some("db") }
  ParseError { message: "Unexpected token at top level: id", span: Span { start: 13633, end: 13635 }, expected: ["fn", "import", "type"], found: Some("id") }
  ParseError { message: "Unexpected token at top level: user_id", span: Span { start: 13677, end: 13684 }, expected: ["fn", "import", "type"], found: Some("user_id") }
  ParseError { message: "Unexpected token at top level: model", span: Span { start: 13703, end: 13708 }, expected: ["fn", "import", "type"], found: Some("model") }
  ParseError { message: "Unexpected token at top level: prompt_tokens", span: Span { start: 13741, end: 13754 }, expected: ["fn", "import", "type"], found: Some("prompt_tokens") }
  ParseError { message: "Unexpected token at top level: completion_tokens", span: Span { start: 13768, end: 13785 }, expected: ["fn", "import", "type"], found: Some("completion_tokens") }
  ParseError { message: "Unexpected token at top level: cost_usd", span: Span { start: 13799, end: 13807 }, expected: ["fn", "import", "type"], found: Some("cost_usd") }
  ParseError { message: "Unexpected token at top level: ts", span: Span { start: 13823, end: 13825 }, expected: ["fn", "import", "type"], found: Some("ts") }
  ParseError { message: "Unexpected token at top level: }", span: Span { start: 13841, end: 13842 }, expected: ["fn", "import", "type"], found: Some("}") }
  ParseError { message: "Unexpected token at top level: )", span: Span { start: 13842, end: 13843 }, expected: ["fn", "import", "type"], found: Some(")") }
  ParseError { message: "Unexpected token at top level: db", span: Span { start: 13851, end: 13853 }, expected: ["fn", "import", "type"], found: Some("db") }
  ParseError { message: "Unexpected token at top level: id", span: Span { start: 13884, end: 13886 }, expected: ["fn", "import", "type"], found: Some("id") }
  ParseError { message: "Unexpected token at top level: user_id", span: Span { start: 13932, end: 13939 }, expected: ["fn", "import", "type"], found: Some("user_id") }
  ParseError { message: "Unexpected token at top level: model", span: Span { start: 13958, end: 13963 }, expected: ["fn", "import", "type"], found: Some("model") }
  ParseError { message: "Unexpected token at top level: prompt_tokens", span: Span { start: 13996, end: 14009 }, expected: ["fn", "import", "type"], found: Some("prompt_tokens") }
  ParseError { message: "Unexpected token at top level: completion_tokens", span: Span { start: 14023, end: 14040 }, expected: ["fn", "import", "type"], found: Some("completion_tokens") }
  ParseError { message: "Unexpected token at top level: cost_usd", span: Span { start: 14054, end: 14062 }, expected: ["fn", "import", "type"], found: Some("cost_usd") }
  ParseError { message: "Unexpected token at top level: ts", span: Span { start: 14078, end: 14080 }, expected: ["fn", "import", "type"], found: Some("ts") }
  ParseError { message: "Unexpected token at top level: }", span: Span { start: 14096, end: 14097 }, expected: ["fn", "import", "type"], found: Some("}") }
  ParseError { message: "Unexpected token at top level: )", span: Span { start: 14097, end: 14098 }, expected: ["fn", "import", "type"], found: Some(")") }
  ParseError { message: "Unexpected token at top level: db", span: Span { start: 14106, end: 14108 }, expected: ["fn", "import", "type"], found: Some("db") }
  ParseError { message: "Unexpected token at top level: id", span: Span { start: 14139, end: 14141 }, expected: ["fn", "import", "type"], found: Some("id") }
  ParseError { message: "Unexpected token at top level: user_id", span: Span { start: 14187, end: 14194 }, expected: ["fn", "import", "type"], found: Some("user_id") }
  ParseError { message: "Unexpected token at top level: model", span: Span { start: 14213, end: 14218 }, expected: ["fn", "import", "type"], found: Some("model") }
  ParseError { message: "Unexpected token at top level: prompt_tokens", span: Span { start: 14246, end: 14259 }, expected: ["fn", "import", "type"], found: Some("prompt_tokens") }
  ParseError { message: "Unexpected token at top level: completion_tokens", span: Span { start: 14273, end: 14290 }, expected: ["fn", "import", "type"], found: Some("completion_tokens") }
  ParseError { message: "Unexpected token at top level: cost_usd", span: Span { start: 14304, end: 14312 }, expected: ["fn", "import", "type"], found: Some("cost_usd") }
  ParseError { message: "Unexpected token at top level: ts", span: Span { start: 14328, end: 14330 }, expected: ["fn", "import", "type"], found: Some("ts") }
  ParseError { message: "Unexpected token at top level: }", span: Span { start: 14346, end: 14347 }, expected: ["fn", "import", "type"], found: Some("}") }
  ParseError { message: "Unexpected token at top level: )", span: Span { start: 14347, end: 14348 }, expected: ["fn", "import", "type"], found: Some(")") }
  ParseError { message: "Unexpected token at top level: ret", span: Span { start: 14356, end: 14359 }, expected: ["fn", "import", "type"], found: Some("ret") }
  ParseError { message: "Unexpected token at top level: response", span: Span { start: 14371, end: 14379 }, expected: ["fn", "import", "type"], found: Some("response") }
  ParseError { message: "Unexpected token at top level: gist", span: Span { start: 14400, end: 14404 }, expected: ["fn", "import", "type"], found: Some("gist") }
  ParseError { message: "Unexpected token at top level: verbatim", span: Span { start: 14421, end: 14429 }, expected: ["fn", "import", "type"], found: Some("verbatim") }
  ParseError { message: "Unexpected token at top level: decision", span: Span { start: 14446, end: 14454 }, expected: ["fn", "import", "type"], found: Some("decision") }
  ParseError { message: "Unexpected token at top level: stage", span: Span { start: 14471, end: 14476 }, expected: ["fn", "import", "type"], found: Some("stage") }
  ParseError { message: "Unexpected token at top level: request_id", span: Span { start: 14494, end: 14504 }, expected: ["fn", "import", "type"], found: Some("request_id") }
  ParseError { message: "Unexpected token at top level: input_hash", span: Span { start: 14527, end: 14537 }, expected: ["fn", "import", "type"], found: Some("input_hash") }
  ParseError { message: "Unexpected token at top level: total_time_ms", span: Span { start: 14560, end: 14573 }, expected: ["fn", "import", "type"], found: Some("total_time_ms") }
  ParseError { message: "Unexpected token at top level: gist_time_ms", span: Span { start: 14587, end: 14599 }, expected: ["fn", "import", "type"], found: Some("gist_time_ms") }
  ParseError { message: "Unexpected token at top level: verbatim_time_ms", span: Span { start: 14613, end: 14629 }, expected: ["fn", "import", "type"], found: Some("verbatim_time_ms") }
  ParseError { message: "Unexpected token at top level: decision_time_ms", span: Span { start: 14643, end: 14659 }, expected: ["fn", "import", "type"], found: Some("decision_time_ms") }
  ParseError { message: "Unexpected token at top level: }", span: Span { start: 14668, end: 14669 }, expected: ["fn", "import", "type"], found: Some("}") }
Failed to parse C:\Users\Owner\vox\examples\archive\greater_fool\schema.vox:
  ParseError { message: "Expected {, found :", span: Span { start: 203, end: 204 }, expected: ["{"], found: Some(":") }
  ParseError { message: "Unexpected token at top level: id", span: Span { start: 210, end: 212 }, expected: ["fn", "import", "type"], found: Some("id") }
  ParseError { message: "Unexpected token at top level: username", span: Span { start: 226, end: 234 }, expected: ["fn", "import", "type"], found: Some("username") }
  ParseError { message: "Unexpected token at top level: email", span: Span { start: 248, end: 253 }, expected: ["fn", "import", "type"], found: Some("email") }
  ParseError { message: "Unexpected token at top level: created_at", span: Span { start: 267, end: 277 }, expected: ["fn", "import", "type"], found: Some("created_at") }
  ParseError { message: "Unexpected token at top level: last_active", span: Span { start: 288, end: 299 }, expected: ["fn", "import", "type"], found: Some("last_active") }
  ParseError { message: "Unexpected token at top level: token_limit", span: Span { start: 310, end: 321 }, expected: ["fn", "import", "type"], found: Some("token_limit") }
  ParseError { message: "Unexpected token at top level: token_used", span: Span { start: 332, end: 342 }, expected: ["fn", "import", "type"], found: Some("token_used") }
  ParseError { message: "Expected {, found :", span: Span { start: 375, end: 376 }, expected: ["{"], found: Some(":") }
  ParseError { message: "Unexpected token at top level: id", span: Span { start: 382, end: 384 }, expected: ["fn", "import", "type"], found: Some("id") }
  ParseError { message: "Unexpected token at top level: user_id", span: Span { start: 398, end: 405 }, expected: ["fn", "import", "type"], found: Some("user_id") }
  ParseError { message: "Unexpected token at top level: title", span: Span { start: 419, end: 424 }, expected: ["fn", "import", "type"], found: Some("title") }
  ParseError { message: "Unexpected token at top level: summary", span: Span { start: 438, end: 445 }, expected: ["fn", "import", "type"], found: Some("summary") }
  ParseError { message: "Unexpected token at top level: created_at", span: Span { start: 459, end: 469 }, expected: ["fn", "import", "type"], found: Some("created_at") }
  ParseError { message: "Unexpected token at top level: updated_at", span: Span { start: 480, end: 490 }, expected: ["fn", "import", "type"], found: Some("updated_at") }
  ParseError { message: "Expected {, found :", span: Span { start: 518, end: 519 }, expected: ["{"], found: Some(":") }
  ParseError { message: "Unexpected token at top level: id", span: Span { start: 525, end: 527 }, expected: ["fn", "import", "type"], found: Some("id") }
  ParseError { message: "Unexpected token at top level: conv_id", span: Span { start: 541, end: 548 }, expected: ["fn", "import", "type"], found: Some("conv_id") }
  ParseError { message: "Unexpected token at top level: role", span: Span { start: 562, end: 566 }, expected: ["fn", "import", "type"], found: Some("role") }
  ParseError { message: "Unexpected token at top level: content", span: Span { start: 580, end: 587 }, expected: ["fn", "import", "type"], found: Some("content") }
  ParseError { message: "Unexpected token at top level: created_at", span: Span { start: 601, end: 611 }, expected: ["fn", "import", "type"], found: Some("created_at") }
  ParseError { message: "Expected {, found :", span: Span { start: 641, end: 642 }, expected: ["{"], found: Some(":") }
  ParseError { message: "Unexpected token at top level: id", span: Span { start: 648, end: 650 }, expected: ["fn", "import", "type"], found: Some("id") }
  ParseError { message: "Unexpected token at top level: message_id", span: Span { start: 664, end: 674 }, expected: ["fn", "import", "type"], found: Some("message_id") }
  ParseError { message: "Unexpected token at top level: summary", span: Span { start: 688, end: 695 }, expected: ["fn", "import", "type"], found: Some("summary") }
  ParseError { message: "Unexpected token at top level: frame", span: Span { start: 709, end: 714 }, expected: ["fn", "import", "type"], found: Some("frame") }
  ParseError { message: "Unexpected token at top level: contrast", span: Span { start: 728, end: 736 }, expected: ["fn", "import", "type"], found: Some("contrast") }
  ParseError { message: "Unexpected token at top level: complexity", span: Span { start: 750, end: 760 }, expected: ["fn", "import", "type"], found: Some("complexity") }
  ParseError { message: "Unexpected token at top level: level", span: Span { start: 771, end: 776 }, expected: ["fn", "import", "type"], found: Some("level") }
  ParseError { message: "Unexpected token at top level: zero_valence_detected", span: Span { start: 790, end: 811 }, expected: ["fn", "import", "type"], found: Some("zero_valence_detected") }
  ParseError { message: "Unexpected token at top level: vector", span: Span { start: 823, end: 829 }, expected: ["fn", "import", "type"], found: Some("vector") }
  ParseError { message: "Expected {, found :", span: Span { start: 867, end: 868 }, expected: ["{"], found: Some(":") }
  ParseError { message: "Unexpected token at top level: id", span: Span { start: 874, end: 876 }, expected: ["fn", "import", "type"], found: Some("id") }
  ParseError { message: "Unexpected token at top level: message_id", span: Span { start: 890, end: 900 }, expected: ["fn", "import", "type"], found: Some("message_id") }
  ParseError { message: "Unexpected token at top level: facts", span: Span { start: 914, end: 919 }, expected: ["fn", "import", "type"], found: Some("facts") }
  ParseError { message: "Unexpected token at top level: numbers", span: Span { start: 935, end: 942 }, expected: ["fn", "import", "type"], found: Some("numbers") }
  ParseError { message: "Unexpected token at top level: details_count", span: Span { start: 957, end: 970 }, expected: ["fn", "import", "type"], found: Some("details_count") }
  ParseError { message: "Unexpected token at top level: expected_value", span: Span { start: 981, end: 995 }, expected: ["fn", "import", "type"], found: Some("expected_value") }
  ParseError { message: "Unexpected token at top level: vector", span: Span { start: 1009, end: 1015 }, expected: ["fn", "import", "type"], found: Some("vector") }
  ParseError { message: "Expected {, found :", span: Span { start: 1053, end: 1054 }, expected: ["{"], found: Some(":") }
  ParseError { message: "Unexpected token at top level: id", span: Span { start: 1060, end: 1062 }, expected: ["fn", "import", "type"], found: Some("id") }
  ParseError { message: "Unexpected token at top level: message_id", span: Span { start: 1076, end: 1086 }, expected: ["fn", "import", "type"], found: Some("message_id") }
  ParseError { message: "Unexpected token at top level: choice", span: Span { start: 1100, end: 1106 }, expected: ["fn", "import", "type"], found: Some("choice") }
  ParseError { message: "Unexpected token at top level: confidence", span: Span { start: 1120, end: 1130 }, expected: ["fn", "import", "type"], found: Some("confidence") }
  ParseError { message: "Unexpected token at top level: reasoning", span: Span { start: 1143, end: 1152 }, expected: ["fn", "import", "type"], found: Some("reasoning") }
  ParseError { message: "Unexpected token at top level: level_used", span: Span { start: 1166, end: 1176 }, expected: ["fn", "import", "type"], found: Some("level_used") }
  ParseError { message: "Unexpected token at top level: conflict_detected", span: Span { start: 1190, end: 1207 }, expected: ["fn", "import", "type"], found: Some("conflict_detected") }
  ParseError { message: "Unexpected token at top level: conflict_resolution", span: Span { start: 1219, end: 1238 }, expected: ["fn", "import", "type"], found: Some("conflict_resolution") }
  ParseError { message: "Expected {, found :", span: Span { start: 1276, end: 1277 }, expected: ["{"], found: Some(":") }
  ParseError { message: "Unexpected token at top level: id", span: Span { start: 1283, end: 1285 }, expected: ["fn", "import", "type"], found: Some("id") }
  ParseError { message: "Unexpected token at top level: conv_id", span: Span { start: 1299, end: 1306 }, expected: ["fn", "import", "type"], found: Some("conv_id") }
  ParseError { message: "Unexpected token at top level: request_id", span: Span { start: 1320, end: 1330 }, expected: ["fn", "import", "type"], found: Some("request_id") }
  ParseError { message: "Unexpected token at top level: input_hash", span: Span { start: 1344, end: 1354 }, expected: ["fn", "import", "type"], found: Some("input_hash") }
  ParseError { message: "Unexpected token at top level: route", span: Span { start: 1368, end: 1373 }, expected: ["fn", "import", "type"], found: Some("route") }
  ParseError { message: "Unexpected token at top level: stage", span: Span { start: 1387, end: 1392 }, expected: ["fn", "import", "type"], found: Some("stage") }
  ParseError { message: "Unexpected token at top level: gist_model", span: Span { start: 1406, end: 1416 }, expected: ["fn", "import", "type"], found: Some("gist_model") }
  ParseError { message: "Unexpected token at top level: verbatim_model", span: Span { start: 1430, end: 1444 }, expected: ["fn", "import", "type"], found: Some("verbatim_model") }
  ParseError { message: "Unexpected token at top level: decision_model", span: Span { start: 1458, end: 1472 }, expected: ["fn", "import", "type"], found: Some("decision_model") }
  ParseError { message: "Unexpected token at top level: total_time_ms", span: Span { start: 1486, end: 1499 }, expected: ["fn", "import", "type"], found: Some("total_time_ms") }
  ParseError { message: "Unexpected token at top level: ts", span: Span { start: 1510, end: 1512 }, expected: ["fn", "import", "type"], found: Some("ts") }
  ParseError { message: "Expected {, found :", span: Span { start: 1549, end: 1550 }, expected: ["{"], found: Some(":") }
  ParseError { message: "Unexpected token at top level: id", span: Span { start: 1556, end: 1558 }, expected: ["fn", "import", "type"], found: Some("id") }
  ParseError { message: "Unexpected token at top level: name", span: Span { start: 1572, end: 1576 }, expected: ["fn", "import", "type"], found: Some("name") }
  ParseError { message: "Unexpected token at top level: stage", span: Span { start: 1590, end: 1595 }, expected: ["fn", "import", "type"], found: Some("stage") }
  ParseError { message: "Unexpected token at top level: rationality_mode", span: Span { start: 1609, end: 1625 }, expected: ["fn", "import", "type"], found: Some("rationality_mode") }
  ParseError { message: "Unexpected token at top level: suppress_biases", span: Span { start: 1637, end: 1652 }, expected: ["fn", "import", "type"], found: Some("suppress_biases") }
  ParseError { message: "Unexpected token at top level: created_at", span: Span { start: 1668, end: 1678 }, expected: ["fn", "import", "type"], found: Some("created_at") }
  ParseError { message: "Expected {, found :", span: Span { start: 1708, end: 1709 }, expected: ["{"], found: Some(":") }
  ParseError { message: "Unexpected token at top level: id", span: Span { start: 1715, end: 1717 }, expected: ["fn", "import", "type"], found: Some("id") }
  ParseError { message: "Unexpected token at top level: user_id", span: Span { start: 1731, end: 1738 }, expected: ["fn", "import", "type"], found: Some("user_id") }
  ParseError { message: "Unexpected token at top level: event_type", span: Span { start: 1752, end: 1762 }, expected: ["fn", "import", "type"], found: Some("event_type") }
  ParseError { message: "Unexpected token at top level: payload", span: Span { start: 1776, end: 1783 }, expected: ["fn", "import", "type"], found: Some("payload") }
  ParseError { message: "Unexpected token at top level: ts", span: Span { start: 1797, end: 1799 }, expected: ["fn", "import", "type"], found: Some("ts") }
  ParseError { message: "Expected {, found :", span: Span { start: 1830, end: 1831 }, expected: ["{"], found: Some(":") }
  ParseError { message: "Unexpected token at top level: id", span: Span { start: 1837, end: 1839 }, expected: ["fn", "import", "type"], found: Some("id") }
  ParseError { message: "Unexpected token at top level: user_id", span: Span { start: 1853, end: 1860 }, expected: ["fn", "import", "type"], found: Some("user_id") }
  ParseError { message: "Unexpected token at top level: model", span: Span { start: 1874, end: 1879 }, expected: ["fn", "import", "type"], found: Some("model") }
  ParseError { message: "Unexpected token at top level: prompt_tokens", span: Span { start: 1893, end: 1906 }, expected: ["fn", "import", "type"], found: Some("prompt_tokens") }
  ParseError { message: "Unexpected token at top level: completion_tokens", span: Span { start: 1917, end: 1934 }, expected: ["fn", "import", "type"], found: Some("completion_tokens") }
  ParseError { message: "Unexpected token at top level: cost_usd", span: Span { start: 1945, end: 1953 }, expected: ["fn", "import", "type"], found: Some("cost_usd") }
  ParseError { message: "Unexpected token at top level: ts", span: Span { start: 1966, end: 1968 }, expected: ["fn", "import", "type"], found: Some("ts") }
  ParseError { message: "Expected {, found :", span: Span { start: 2003, end: 2004 }, expected: ["{"], found: Some(":") }
  ParseError { message: "Unexpected token at top level: id", span: Span { start: 2010, end: 2012 }, expected: ["fn", "import", "type"], found: Some("id") }
  ParseError { message: "Unexpected token at top level: conv_id", span: Span { start: 2026, end: 2033 }, expected: ["fn", "import", "type"], found: Some("conv_id") }
  ParseError { message: "Unexpected token at top level: topic", span: Span { start: 2047, end: 2052 }, expected: ["fn", "import", "type"], found: Some("topic") }
  ParseError { message: "Unexpected token at top level: weight", span: Span { start: 2066, end: 2072 }, expected: ["fn", "import", "type"], found: Some("weight") }
  ParseError { message: "Unexpected token at top level: parent_topic_id", span: Span { start: 2085, end: 2100 }, expected: ["fn", "import", "type"], found: Some("parent_topic_id") }
  ParseError { message: "Unexpected token at top level: ts", span: Span { start: 2115, end: 2117 }, expected: ["fn", "import", "type"], found: Some("ts") }
  ParseError { message: "Unexpected token at top level: ector_index", span: Span { start: 3111, end: 3122 }, expected: ["fn", "import", "type"], found: Some("ector_index") }
  ParseError { message: "Unexpected token at top level: ector_index", span: Span { start: 3169, end: 3180 }, expected: ["fn", "import", "type"], found: Some("ector_index") }
  ParseError { message: "Unexpected token at top level: arch_index", span: Span { start: 3399, end: 3409 }, expected: ["fn", "import", "type"], found: Some("arch_index") }
Failed to parse C:\Users\Owner\vox\examples\archive\greater_fool\types.vox:
  ParseError { message: "Unexpected token at top level: {", span: Span { start: 416, end: 417 }, expected: ["fn", "import", "type"], found: Some("{") }
  ParseError { message: "Unexpected token at top level: gist_weight", span: Span { start: 423, end: 434 }, expected: ["fn", "import", "type"], found: Some("gist_weight") }
  ParseError { message: "Unexpected token at top level: verbatim_weight", span: Span { start: 448, end: 463 }, expected: ["fn", "import", "type"], found: Some("verbatim_weight") }
  ParseError { message: "Unexpected token at top level: }", span: Span { start: 472, end: 473 }, expected: ["fn", "import", "type"], found: Some("}") }
  ParseError { message: "Unexpected token at top level: {", span: Span { start: 1348, end: 1349 }, expected: ["fn", "import", "type"], found: Some("{") }
  ParseError { message: "Unexpected token at top level: option_a", span: Span { start: 1355, end: 1363 }, expected: ["fn", "import", "type"], found: Some("option_a") }
  ParseError { message: "Unexpected token at top level: option_b", span: Span { start: 1378, end: 1386 }, expected: ["fn", "import", "type"], found: Some("option_b") }
  ParseError { message: "Unexpected token at top level: contrast", span: Span { start: 1401, end: 1409 }, expected: ["fn", "import", "type"], found: Some("contrast") }
  ParseError { message: "Unexpected token at top level: contains_zero_outcome", span: Span { start: 1430, end: 1451 }, expected: ["fn", "import", "type"], found: Some("contains_zero_outcome") }
  ParseError { message: "Unexpected token at top level: truncation", span: Span { start: 1464, end: 1474 }, expected: ["fn", "import", "type"], found: Some("truncation") }
  ParseError { message: "Unexpected token at top level: }", span: Span { start: 1492, end: 1493 }, expected: ["fn", "import", "type"], found: Some("}") }
  ParseError { message: "Unexpected token at top level: {", span: Span { start: 1684, end: 1685 }, expected: ["fn", "import", "type"], found: Some("{") }
  ParseError { message: "Unexpected token at top level: summary", span: Span { start: 1691, end: 1698 }, expected: ["fn", "import", "type"], found: Some("summary") }
  ParseError { message: "Unexpected token at top level: frame", span: Span { start: 1713, end: 1718 }, expected: ["fn", "import", "type"], found: Some("frame") }
  ParseError { message: "Unexpected token at top level: contrast", span: Span { start: 1732, end: 1740 }, expected: ["fn", "import", "type"], found: Some("contrast") }
  ParseError { message: "Unexpected token at top level: complexity", span: Span { start: 1761, end: 1771 }, expected: ["fn", "import", "type"], found: Some("complexity") }
  ParseError { message: "Unexpected token at top level: level", span: Span { start: 1783, end: 1788 }, expected: ["fn", "import", "type"], found: Some("level") }
  ParseError { message: "Unexpected token at top level: categorical", span: Span { start: 1806, end: 1817 }, expected: ["fn", "import", "type"], found: Some("categorical") }
  ParseError { message: "Unexpected token at top level: zero_valence_detected", span: Span { start: 1842, end: 1863 }, expected: ["fn", "import", "type"], found: Some("zero_valence_detected") }
  ParseError { message: "Unexpected token at top level: }", span: Span { start: 1871, end: 1872 }, expected: ["fn", "import", "type"], found: Some("}") }
  ParseError { message: "Unexpected token at top level: {", span: Span { start: 1900, end: 1901 }, expected: ["fn", "import", "type"], found: Some("{") }
  ParseError { message: "Unexpected token at top level: facts", span: Span { start: 1907, end: 1912 }, expected: ["fn", "import", "type"], found: Some("facts") }
  ParseError { message: "Unexpected token at top level: numbers", span: Span { start: 1929, end: 1936 }, expected: ["fn", "import", "type"], found: Some("numbers") }
  ParseError { message: "Unexpected token at top level: details_count", span: Span { start: 1952, end: 1965 }, expected: ["fn", "import", "type"], found: Some("details_count") }
  ParseError { message: "Unexpected token at top level: expected_value", span: Span { start: 1977, end: 1991 }, expected: ["fn", "import", "type"], found: Some("expected_value") }
  ParseError { message: "Unexpected token at top level: }", span: Span { start: 2001, end: 2002 }, expected: ["fn", "import", "type"], found: Some("}") }
  ParseError { message: "Unexpected token at top level: {", span: Span { start: 2030, end: 2031 }, expected: ["fn", "import", "type"], found: Some("{") }
  ParseError { message: "Unexpected token at top level: choice", span: Span { start: 2037, end: 2043 }, expected: ["fn", "import", "type"], found: Some("choice") }
  ParseError { message: "Unexpected token at top level: confidence", span: Span { start: 2058, end: 2068 }, expected: ["fn", "import", "type"], found: Some("confidence") }
  ParseError { message: "Unexpected token at top level: reasoning", span: Span { start: 2082, end: 2091 }, expected: ["fn", "import", "type"], found: Some("reasoning") }
  ParseError { message: "Unexpected token at top level: level_used", span: Span { start: 2106, end: 2116 }, expected: ["fn", "import", "type"], found: Some("level_used") }
  ParseError { message: "Unexpected token at top level: conflict_detected", span: Span { start: 2134, end: 2151 }, expected: ["fn", "import", "type"], found: Some("conflict_detected") }
  ParseError { message: "Unexpected token at top level: conflict_resolution", span: Span { start: 2164, end: 2183 }, expected: ["fn", "import", "type"], found: Some("conflict_resolution") }
  ParseError { message: "Unexpected token at top level: }", span: Span { start: 2194, end: 2195 }, expected: ["fn", "import", "type"], found: Some("}") }
  ParseError { message: "Unexpected token at top level: {", span: Span { start: 2383, end: 2384 }, expected: ["fn", "import", "type"], found: Some("{") }
  ParseError { message: "Unexpected token at top level: response", span: Span { start: 2390, end: 2398 }, expected: ["fn", "import", "type"], found: Some("response") }
  ParseError { message: "Unexpected token at top level: gist", span: Span { start: 2413, end: 2417 }, expected: ["fn", "import", "type"], found: Some("gist") }
  ParseError { message: "Unexpected token at top level: verbatim", span: Span { start: 2439, end: 2447 }, expected: ["fn", "import", "type"], found: Some("verbatim") }
  ParseError { message: "Unexpected token at top level: decision", span: Span { start: 2473, end: 2481 }, expected: ["fn", "import", "type"], found: Some("decision") }
  ParseError { message: "Unexpected token at top level: stage", span: Span { start: 2507, end: 2512 }, expected: ["fn", "import", "type"], found: Some("stage") }
  ParseError { message: "Unexpected token at top level: request_id", span: Span { start: 2539, end: 2549 }, expected: ["fn", "import", "type"], found: Some("request_id") }
  ParseError { message: "Unexpected token at top level: input_hash", span: Span { start: 2564, end: 2574 }, expected: ["fn", "import", "type"], found: Some("input_hash") }
  ParseError { message: "Unexpected token at top level: total_time_ms", span: Span { start: 2589, end: 2602 }, expected: ["fn", "import", "type"], found: Some("total_time_ms") }
  ParseError { message: "Unexpected token at top level: gist_time_ms", span: Span { start: 2614, end: 2626 }, expected: ["fn", "import", "type"], found: Some("gist_time_ms") }
  ParseError { message: "Unexpected token at top level: verbatim_time_ms", span: Span { start: 2638, end: 2654 }, expected: ["fn", "import", "type"], found: Some("verbatim_time_ms") }
  ParseError { message: "Unexpected token at top level: decision_time_ms", span: Span { start: 2666, end: 2682 }, expected: ["fn", "import", "type"], found: Some("decision_time_ms") }
  ParseError { message: "Unexpected token at top level: }", span: Span { start: 2689, end: 2690 }, expected: ["fn", "import", "type"], found: Some("}") }
Parsed C:\Users\Owner\vox\examples\archive\greaterfool_reference.vox
Failed to parse C:\Users\Owner\vox\examples\archive\legacy_syntax\actor.vox:
  ParseError { message: "Unexpected token at top level: message", span: Span { start: 475, end: 482 }, expected: ["fn", "import", "type"], found: Some("message") }
  ParseError { message: "Unexpected token at top level: from_name", span: Span { start: 497, end: 506 }, expected: ["fn", "import", "type"], found: Some("from_name") }
  ParseError { message: "Unexpected token at top level: text", span: Span { start: 516, end: 520 }, expected: ["fn", "import", "type"], found: Some("text") }
  ParseError { message: "Expected {, found :", span: Span { start: 723, end: 724 }, expected: ["{"], found: Some(":") }
  ParseError { message: "Unexpected token at top level: state", span: Span { start: 729, end: 734 }, expected: ["fn", "import", "type"], found: Some("state") }
  ParseError { message: "Unexpected token at top level: on", span: Span { start: 809, end: 811 }, expected: ["fn", "import", "type"], found: Some("on") }
  ParseError { message: "Unexpected token at top level: count", span: Span { start: 851, end: 856 }, expected: ["fn", "import", "type"], found: Some("count") }
  ParseError { message: "Unexpected token at top level: count", span: Span { start: 882, end: 887 }, expected: ["fn", "import", "type"], found: Some("count") }
  ParseError { message: "Unexpected token at top level: on", span: Span { start: 893, end: 895 }, expected: ["fn", "import", "type"], found: Some("on") }
  ParseError { message: "Unexpected token at top level: count", span: Span { start: 924, end: 929 }, expected: ["fn", "import", "type"], found: Some("count") }
  ParseError { message: "Unexpected token at top level: on", span: Span { start: 972, end: 974 }, expected: ["fn", "import", "type"], found: Some("on") }
  ParseError { message: "Unexpected token at top level: count", span: Span { start: 1000, end: 1005 }, expected: ["fn", "import", "type"], found: Some("count") }
  ParseError { message: "Expected {, found :", span: Span { start: 1083, end: 1084 }, expected: ["{"], found: Some(":") }
  ParseError { message: "Unexpected token at top level: on", span: Span { start: 1089, end: 1091 }, expected: ["fn", "import", "type"], found: Some("on") }
  ParseError { message: "Unexpected token at top level: \"Hello, \"", span: Span { start: 1125, end: 1134 }, expected: ["fn", "import", "type"], found: Some("\"Hello, \"") }
  ParseError { message: "Expected {, found :", span: Span { start: 1216, end: 1217 }, expected: ["{"], found: Some(":") }
  ParseError { message: "Unexpected token at top level: let", span: Span { start: 1292, end: 1295 }, expected: ["fn", "import", "type"], found: Some("let") }
  ParseError { message: "Unexpected token at top level: let", span: Span { start: 1325, end: 1328 }, expected: ["fn", "import", "type"], found: Some("let") }
  ParseError { message: "Unexpected token at top level: let", span: Span { start: 1419, end: 1422 }, expected: ["fn", "import", "type"], found: Some("let") }
  ParseError { message: "Unexpected token at top level: let", span: Span { start: 1466, end: 1469 }, expected: ["fn", "import", "type"], found: Some("let") }
  ParseError { message: "Unexpected token at top level: let", span: Span { start: 1559, end: 1562 }, expected: ["fn", "import", "type"], found: Some("let") }
  ParseError { message: "Unexpected token at top level: let", span: Span { start: 1598, end: 1601 }, expected: ["fn", "import", "type"], found: Some("let") }
  ParseError { message: "Unexpected token at top level: ret", span: Span { start: 1655, end: 1658 }, expected: ["fn", "import", "type"], found: Some("ret") }
Failed to parse C:\Users\Owner\vox\examples\archive\legacy_syntax\mcp_tool.vox:
  ParseError { message: "Expected {, found :", span: Span { start: 592, end: 593 }, expected: ["{"], found: Some(":") }
  ParseError { message: "Unexpected token at top level: title", span: Span { start: 598, end: 603 }, expected: ["fn", "import", "type"], found: Some("title") }
  ParseError { message: "Unexpected token at top level: content", span: Span { start: 613, end: 620 }, expected: ["fn", "import", "type"], found: Some("content") }
  ParseError { message: "Unexpected token at top level: created_at", span: Span { start: 630, end: 640 }, expected: ["fn", "import", "type"], found: Some("created_at") }
  ParseError { message: "Expected fn, found (", span: Span { start: 802, end: 803 }, expected: ["fn"], found: Some("(") }
  ParseError { message: "Expected {, found :", span: Span { start: 911, end: 912 }, expected: ["{"], found: Some(":") }
  ParseError { message: "Unexpected token at top level: ret", span: Span { start: 917, end: 920 }, expected: ["fn", "import", "type"], found: Some("ret") }
  ParseError { message: "Expected fn, found (", span: Span { start: 1004, end: 1005 }, expected: ["fn"], found: Some("(") }
  ParseError { message: "Expected {, found :", span: Span { start: 1122, end: 1123 }, expected: ["{"], found: Some(":") }
  ParseError { message: "Unexpected token at top level: ret", span: Span { start: 1128, end: 1131 }, expected: ["fn", "import", "type"], found: Some("ret") }
  ParseError { message: "Expected fn, found (", span: Span { start: 1228, end: 1229 }, expected: ["fn"], found: Some("(") }
  ParseError { message: "Expected {, found :", span: Span { start: 1323, end: 1324 }, expected: ["{"], found: Some(":") }
  ParseError { message: "Unexpected token at top level: ret", span: Span { start: 1329, end: 1332 }, expected: ["fn", "import", "type"], found: Some("ret") }
  ParseError { message: "Unexpected token at top level: resource", span: Span { start: 1504, end: 1512 }, expected: ["fn", "import", "type"], found: Some("resource") }
  ParseError { message: "Expected {, found :", span: Span { start: 1595, end: 1596 }, expected: ["{"], found: Some(":") }
  ParseError { message: "Unexpected token at top level: ret", span: Span { start: 1601, end: 1604 }, expected: ["fn", "import", "type"], found: Some("ret") }
Failed to parse C:\Users\Owner\vox\examples\archive\mesh\noop.vox:
  ParseError { message: "Expected {, found :", span: Span { start: 112, end: 113 }, expected: ["{"], found: Some(":") }
  ParseError { message: "Unexpected token at top level: print", span: Span { start: 119, end: 124 }, expected: ["fn", "import", "type"], found: Some("print") }
Failed to parse C:\Users\Owner\vox\examples\archive\mesh\workflow_mesh_demo.vox:
  ParseError { message: "Expected {, found :", span: Span { start: 251, end: 252 }, expected: ["{"], found: Some(":") }
  ParseError { message: "Unexpected token at top level: let", span: Span { start: 258, end: 261 }, expected: ["fn", "import", "type"], found: Some("let") }
  ParseError { message: "Expected {, found :", span: Span { start: 303, end: 304 }, expected: ["{"], found: Some(":") }
  ParseError { message: "Unexpected token at top level: let", span: Span { start: 310, end: 313 }, expected: ["fn", "import", "type"], found: Some("let") }
  ParseError { message: "Expected {, found :", span: Span { start: 354, end: 355 }, expected: ["{"], found: Some(":") }
  ParseError { message: "Unexpected token at top level: local_step", span: Span { start: 361, end: 371 }, expected: ["fn", "import", "type"], found: Some("local_step") }
  ParseError { message: "Unexpected token at top level: mesh_snapshot", span: Span { start: 379, end: 392 }, expected: ["fn", "import", "type"], found: Some("mesh_snapshot") }
  ParseError { message: "Expected {, found :", span: Span { start: 476, end: 477 }, expected: ["{"], found: Some(":") }
  ParseError { message: "Unexpected token at top level: wf_mesh_demo", span: Span { start: 483, end: 495 }, expected: ["fn", "import", "type"], found: Some("wf_mesh_demo") }
Parsed C:\Users\Owner\vox\examples\chatbot.vox
Failed to parse C:\Users\Owner\vox\examples\chatbot_server_fn.vox:
  ParseError { message: "Expected identifier", span: Span { start: 415, end: 416 }, expected: ["identifier"], found: Some("<newline>") }
  ParseError { message: "Unexpected token at top level: let", span: Span { start: 490, end: 493 }, expected: ["fn", "import", "type"], found: Some("let") }
  ParseError { message: "Unexpected token at top level: let", span: Span { start: 525, end: 528 }, expected: ["fn", "import", "type"], found: Some("let") }
  ParseError { message: "Unexpected token at top level: set_messages", span: Span { start: 609, end: 621 }, expected: ["fn", "import", "type"], found: Some("set_messages") }
  ParseError { message: "Unexpected token at top level: set_input", span: Span { start: 644, end: 653 }, expected: ["fn", "import", "type"], found: Some("set_input") }
  ParseError { message: "Unexpected token at top level: }", span: Span { start: 662, end: 663 }, expected: ["fn", "import", "type"], found: Some("}") }
  ParseError { message: "Unexpected token at top level: ret", span: Span { start: 669, end: 672 }, expected: ["fn", "import", "type"], found: Some("ret") }
  ParseError { message: "Unexpected token at top level: <", span: Span { start: 714, end: 715 }, expected: ["fn", "import", "type"], found: Some("<") }
  ParseError { message: "Unexpected token at top level: <", span: Span { start: 743, end: 744 }, expected: ["fn", "import", "type"], found: Some("<") }
  ParseError { message: "Unexpected token at top level: {", span: Span { start: 782, end: 783 }, expected: ["fn", "import", "type"], found: Some("{") }
  ParseError { message: "Expected identifier", span: Span { start: 798, end: 799 }, expected: ["identifier"], found: Some("(") }
  ParseError { message: "Unexpected token at top level: |", span: Span { start: 832, end: 833 }, expected: ["fn", "import", "type"], found: Some("|") }
  ParseError { message: "Unexpected token at top level: </", span: Span { start: 884, end: 886 }, expected: ["fn", "import", "type"], found: Some("</") }
  ParseError { message: "Unexpected token at top level: |", span: Span { start: 907, end: 908 }, expected: ["fn", "import", "type"], found: Some("|") }
  ParseError { message: "Unexpected token at top level: </", span: Span { start: 969, end: 971 }, expected: ["fn", "import", "type"], found: Some("</") }
  ParseError { message: "Unexpected token at top level: }", span: Span { start: 988, end: 989 }, expected: ["fn", "import", "type"], found: Some("}") }
  ParseError { message: "Unexpected token at top level: )", span: Span { start: 989, end: 990 }, expected: ["fn", "import", "type"], found: Some(")") }
  ParseError { message: "Unexpected token at top level: </", span: Span { start: 1000, end: 1002 }, expected: ["fn", "import", "type"], found: Some("</") }
  ParseError { message: "Unexpected token at top level: <", span: Span { start: 1015, end: 1016 }, expected: ["fn", "import", "type"], found: Some("<") }
  ParseError { message: "Unexpected token at top level: <", span: Span { start: 1056, end: 1057 }, expected: ["fn", "import", "type"], found: Some("<") }
  ParseError { message: "Unexpected token at top level: value", span: Span { start: 1079, end: 1084 }, expected: ["fn", "import", "type"], found: Some("value") }
  ParseError { message: "Unexpected token at top level: onChange", span: Span { start: 1109, end: 1117 }, expected: ["fn", "import", "type"], found: Some("onChange") }
  ParseError { message: "Expected identifier", span: Span { start: 1121, end: 1122 }, expected: ["identifier"], found: Some("(") }
  ParseError { message: "Unexpected token at top level: placeholder", span: Span { start: 1161, end: 1172 }, expected: ["fn", "import", "type"], found: Some("placeholder") }
  ParseError { message: "Unexpected token at top level: />", span: Span { start: 1205, end: 1207 }, expected: ["fn", "import", "type"], found: Some("/>") }
  ParseError { message: "Unexpected token at top level: <", span: Span { start: 1220, end: 1221 }, expected: ["fn", "import", "type"], found: Some("<") }
  ParseError { message: "Unexpected token at top level: >", span: Span { start: 1250, end: 1251 }, expected: ["fn", "import", "type"], found: Some(">") }
  ParseError { message: "Unexpected token at top level: </", span: Span { start: 1273, end: 1275 }, expected: ["fn", "import", "type"], found: Some("</") }
  ParseError { message: "Unexpected token at top level: </", span: Span { start: 1284, end: 1286 }, expected: ["fn", "import", "type"], found: Some("</") }
  ParseError { message: "Unexpected token at top level: }", span: Span { start: 1291, end: 1292 }, expected: ["fn", "import", "type"], found: Some("}") }
Failed to parse C:\Users\Owner\vox\examples\dashboard.vox:
  ParseError { message: "Expected (, found handle_send", span: Span { start: 512, end: 523 }, expected: ["("], found: Some("handle_send") }
  ParseError { message: "Unexpected token at top level: set_messages", span: Span { start: 536, end: 548 }, expected: ["fn", "import", "type"], found: Some("set_messages") }
  ParseError { message: "Unexpected token at top level: set_input", span: Span { start: 593, end: 602 }, expected: ["fn", "import", "type"], found: Some("set_input") }
  ParseError { message: "Unexpected token at top level: }", span: Span { start: 611, end: 612 }, expected: ["fn", "import", "type"], found: Some("}") }
  ParseError { message: "Unexpected token at top level: ret", span: Span { start: 618, end: 621 }, expected: ["fn", "import", "type"], found: Some("ret") }
  ParseError { message: "Unexpected token at top level: <", span: Span { start: 656, end: 657 }, expected: ["fn", "import", "type"], found: Some("<") }
  ParseError { message: "Unexpected token at top level: <", span: Span { start: 680, end: 681 }, expected: ["fn", "import", "type"], found: Some("<") }
  ParseError { message: "Unexpected token at top level: for", span: Span { start: 715, end: 718 }, expected: ["fn", "import", "type"], found: Some("for") }
  ParseError { message: "Unexpected token at top level: <", span: Span { start: 753, end: 754 }, expected: ["fn", "import", "type"], found: Some("<") }
  ParseError { message: "Unexpected token at top level: </", span: Span { start: 761, end: 763 }, expected: ["fn", "import", "type"], found: Some("</") }
  ParseError { message: "Unexpected token at top level: }", span: Span { start: 778, end: 779 }, expected: ["fn", "import", "type"], found: Some("}") }
  ParseError { message: "Unexpected token at top level: </", span: Span { start: 788, end: 790 }, expected: ["fn", "import", "type"], found: Some("</") }
  ParseError { message: "Unexpected token at top level: <", span: Span { start: 803, end: 804 }, expected: ["fn", "import", "type"], found: Some("<") }
  ParseError { message: "Unexpected token at top level: />", span: Span { start: 823, end: 825 }, expected: ["fn", "import", "type"], found: Some("/>") }
  ParseError { message: "Unexpected token at top level: <", span: Span { start: 834, end: 835 }, expected: ["fn", "import", "type"], found: Some("<") }
  ParseError { message: "Expected identifier", span: Span { start: 854, end: 855 }, expected: ["identifier"], found: Some("(") }
  ParseError { message: "Unexpected token at top level: >", span: Span { start: 872, end: 873 }, expected: ["fn", "import", "type"], found: Some(">") }
  ParseError { message: "Unexpected token at top level: </", span: Span { start: 893, end: 895 }, expected: ["fn", "import", "type"], found: Some("</") }
  ParseError { message: "Unexpected token at top level: }", span: Span { start: 900, end: 901 }, expected: ["fn", "import", "type"], found: Some("}") }
Parsed C:\Users\Owner\vox\examples\data_layer.vox
Parsed C:\Users\Owner\vox\examples\durable_counter.vox
Parsed C:\Users\Owner\vox\examples\durable_execution.vox
Parsed C:\Users\Owner\vox\examples\full_stack_minimal.vox
Parsed C:\Users\Owner\vox\examples\generics_option.vox
Parsed C:\Users\Owner\vox\examples\hello-vox\src\main.vox
Parsed C:\Users\Owner\vox\examples\hooks_demo.vox
Parsed C:\Users\Owner\vox\examples\island_demo.vox
Parsed C:\Users\Owner\vox\examples\mcp_tool_demo.vox
Parsed C:\Users\Owner\vox\examples\multi_route_app.vox
Parsed C:\Users\Owner\vox\examples\pattern_matching.vox
Failed to parse C:\Users\Owner\vox\examples\pytorch_inference.vox:
  ParseError { message: "Unexpected token at top level: py", span: Span { start: 172, end: 174 }, expected: ["fn", "import", "type"], found: Some("py") }
  ParseError { message: "Unexpected token at top level: py", span: Span { start: 190, end: 192 }, expected: ["fn", "import", "type"], found: Some("py") }
  ParseError { message: "Unexpected token at top level: as", span: Span { start: 209, end: 211 }, expected: ["fn", "import", "type"], found: Some("as") }
  ParseError { message: "Unexpected token at top level: py", span: Span { start: 217, end: 219 }, expected: ["fn", "import", "type"], found: Some("py") }
  ParseError { message: "Unexpected token at top level: as", span: Span { start: 247, end: 249 }, expected: ["fn", "import", "type"], found: Some("as") }
  ParseError { message: "Unexpected token in expression: <newline>", span: Span { start: 586, end: 588 }, expected: [], found: Some("<newline>") }
  ParseError { message: "Unexpected token at top level: nn", span: Span { start: 596, end: 598 }, expected: ["fn", "import", "type"], found: Some("nn") }
  ParseError { message: "Unexpected token at top level: nn", span: Span { start: 622, end: 624 }, expected: ["fn", "import", "type"], found: Some("nn") }
  ParseError { message: "Unexpected token at top level: nn", span: Span { start: 642, end: 644 }, expected: ["fn", "import", "type"], found: Some("nn") }
  ParseError { message: "Unexpected token at top level: )", span: Span { start: 663, end: 664 }, expected: ["fn", "import", "type"], found: Some(")") }
  ParseError { message: "Unexpected token at top level: ret", span: Span { start: 670, end: 673 }, expected: ["fn", "import", "type"], found: Some("ret") }
  ParseError { message: "Unexpected token at top level: }", span: Span { start: 681, end: 682 }, expected: ["fn", "import", "type"], found: Some("}") }
  ParseError { message: "Expected identifier", span: Span { start: 1910, end: 1911 }, expected: ["identifier"], found: Some(".") }
  ParseError { message: "Unexpected token at top level: let", span: Span { start: 1926, end: 1929 }, expected: ["fn", "import", "type"], found: Some("let") }
  ParseError { message: "Unexpected token at top level: if", span: Span { start: 1987, end: 1989 }, expected: ["fn", "import", "type"], found: Some("if") }
  ParseError { message: "Unexpected token at top level: print", span: Span { start: 2017, end: 2022 }, expected: ["fn", "import", "type"], found: Some("print") }
  ParseError { message: "Unexpected token at top level: }", span: Span { start: 2066, end: 2067 }, expected: ["fn", "import", "type"], found: Some("}") }
  ParseError { message: "Unexpected token at top level: }", span: Span { start: 2073, end: 2074 }, expected: ["fn", "import", "type"], found: Some("}") }
  ParseError { message: "Unexpected token at top level: let", span: Span { start: 2082, end: 2085 }, expected: ["fn", "import", "type"], found: Some("let") }
  ParseError { message: "Unexpected token at top level: print", span: Span { start: 2127, end: 2132 }, expected: ["fn", "import", "type"], found: Some("print") }
  ParseError { message: "Unexpected token at top level: print", span: Span { start: 2158, end: 2163 }, expected: ["fn", "import", "type"], found: Some("print") }
  ParseError { message: "Unexpected token at top level: }", span: Span { start: 2177, end: 2178 }, expected: ["fn", "import", "type"], found: Some("}") }
Parsed C:\Users\Owner\vox\examples\server_fn.vox
Failed to parse C:\Users\Owner\vox\examples\sharing.vox:
  ParseError { message: "Unexpected token at top level: kill", span: Span { start: 105, end: 109 }, expected: ["fn", "import", "type"], found: Some("kill") }
Failed to parse C:\Users\Owner\vox\examples\simple_server_fn.vox:
  ParseError { message: "Expected identifier", span: Span { start: 377, end: 378 }, expected: ["identifier"], found: Some("<newline>") }
  ParseError { message: "Unexpected token at top level: let", span: Span { start: 386, end: 389 }, expected: ["fn", "import", "type"], found: Some("let") }
  ParseError { message: "Unexpected token at top level: set_result", span: Span { start: 424, end: 434 }, expected: ["fn", "import", "type"], found: Some("set_result") }
  ParseError { message: "Unexpected token at top level: }", span: Span { start: 449, end: 450 }, expected: ["fn", "import", "type"], found: Some("}") }
  ParseError { message: "Unexpected token at top level: ret", span: Span { start: 455, end: 458 }, expected: ["fn", "import", "type"], found: Some("ret") }
  ParseError { message: "Unexpected token at top level: >", span: Span { start: 494, end: 495 }, expected: ["fn", "import", "type"], found: Some(">") }
  ParseError { message: "Unexpected token at top level: </", span: Span { start: 520, end: 522 }, expected: ["fn", "import", "type"], found: Some("</") }
  ParseError { message: "Unexpected token at top level: }", span: Span { start: 531, end: 532 }, expected: ["fn", "import", "type"], found: Some("}") }
Parsed C:\Users\Owner\vox\examples\testing.vox
Parsed C:\Users\Owner\vox\examples\v0_component.vox
Parsed C:\Users\Owner\vox\examples\workflow.vox
Golden parse failures: 6 (required 0), other examples not yet in grammar: 12

thread 'test_parse_examples' (72180) panicked at crates\vox-parser\tests\parity_test.rs:94:5:
assertion `left == right` failed: Parser regression: a golden example file failed to parse
  left: 6
 right: 0
stack backtrace:
note: Some details are omitted, run with `RUST_BACKTRACE=full` for a verbose backtrace.
test test_parse_examples ... FAILED

failures:

failures:
    test_parse_examples

test result: FAILED. 0 passed; 1 failed; 0 ignored; 0 measured; 0 filtered out; finished in 0.01s

error: test failed, to rerun pass `-p vox-parser --test parity_test`
