---
source: crates/vox-integration-tests/tests/deploy_test.rs
expression: service_file
---
[Unit]
Description=Vox Application: test-app
After=network.target

[Service]
Type=simple
User=vox
WorkingDirectory=/home/vox/app
Environment=PORT=3000
ExecStart=./my-binary --port 3000
Restart=always

[Install]
WantedBy=multi-user.target
