---
source: crates/vox-integration-tests/tests/deploy_test.rs
expression: manifests
---
apiVersion: apps/v1
kind: Deployment
metadata:
  name: my-app
  namespace: vox-default
  labels:
    app: my-app
spec:
  replicas: 1
  selector:
    matchLabels:
      app: my-app
  template:
    metadata:
      labels:
        app: my-app
    spec:
      containers:
        - name: my-app
          image: my-app:latest
          ports:
            - containerPort: 3003
            - containerPort: 8080
          env:
            - name: NODE_ENV
              value: "production"
            - name: DATABASE_URL
              value: "postgresql://localhost"
---
apiVersion: v1
kind: Service
metadata:
  name: my-app
  namespace: vox-default
spec:
  type: ClusterIP
  ports:
    - name: port-3003
      port: 3003
      targetPort: 3003
    - name: port-8080
      port: 8080
      targetPort: 8080
  selector:
    app: my-app
