---
source: crates/vox-codegen/tests/golden_ts_test.rs
expression: combined
---
=== Timer.tsx ===
import React, { useState, useEffect, useMemo } from "react";

export interface TimerProps {
  initial: number;
}

export function Timer({ initial }: TimerProps): React.ReactElement {
  const [count, set_count] = useState(initial);
  const label = useMemo(() => "Count: " + str(count), [count]);
  useEffect(() => {
    print("count changed to " + str(count));
  }, [count]);
  return (
    <div className={["flex", "flex-col"].filter(Boolean).join(" ")}>
      <p className={"text-base"}>
        {label}
      </p>
      <button className={["inline-flex", "items-center", "justify-center", "rounded-md", "text-sm", "font-medium", "ring-offset-background", "transition-colors", "focus-visible:outline-none", "focus-visible:ring-2", "focus-visible:ring-ring", "focus-visible:ring-offset-2", "disabled:pointer-events-none", "disabled:opacity-50", "bg-primary", "text-primary-foreground", "hover:bg-primary/90", "h-10", "px-4", "py-2"].filter(Boolean).join(" ")} onClick={() => {
        set_count(count + 1);
    }}>
        {"Tick"}
      </button>
    </div>
  );
}


=== vox-app-contract.json ===
{
  "schema_version": 2,
  "http_routes": [],
  "server_fns": [],
  "query_fns": [],
  "mutation_fns": [],
  "mcp_tools": [],
  "mcp_resources": [],
  "server_config": {
    "bind_host": "127.0.0.1",
    "default_port": 3000,
    "port_env_var": "VOX_PORT",
    "dev_proxy_env_var": "VOX_SSR_DEV_URL",
    "static_assets_embed_dir": "public/"
  }
}

=== vox-tanstack-query.tsx ===
/**
 * TanStack Query helpers — generated by Vox (`vox-compiler`).
 * Wrap async data (e.g. `vox-client` / `fetch`) with `useVoxServerQuery`.
 */
import { QueryClient, QueryClientProvider, useQuery } from "@tanstack/react-query";
import type { ReactElement, ReactNode } from "react";

export const voxQueryClient = new QueryClient({
  defaultOptions: {
    queries: { staleTime: 30_000 },
  },
});

export function VoxQueryProvider({
  children,
}: Readonly<{ children: ReactNode }>): ReactElement {
  return <QueryClientProvider client={voxQueryClient}>{children}</QueryClientProvider>;
}

/** Narrow mapping: stable `queryKey` + promise `queryFn` (pairs with generated server fns). */
export function useVoxServerQuery<TData>(
  queryKey: readonly unknown[],
  queryFn: () => Promise<TData>,
) {
  return useQuery<TData>({ queryKey, queryFn });
}
