---
source: crates/vox-compiler/tests/golden_runs_surface_test.rs
assertion_line: 220
expression: ts
---
import React from "react";

export function RunsTableHeader(): React.ReactElement {
  return (
    <div className={["flex", "flex-row", "border-b", "border-zinc-700", "px-4", "py-0", "items-center", "shrink-0", "bg-zinc-900/50", "h-8 sticky top-0 z-10"].filter(Boolean).join(" ")}>
      <p className={["text-xs", "font-bold", "uppercase", "tracking-widest", "text-zinc-600", "w-24 shrink-0"].filter(Boolean).join(" ")}>
        {"ID"}
      </p>
      <p className={["text-xs", "font-bold", "uppercase", "tracking-widest", "text-zinc-600", "w-36 shrink-0"].filter(Boolean).join(" ")}>
        {"STARTED"}
      </p>
      <p className={["text-xs", "font-bold", "uppercase", "tracking-widest", "text-zinc-600", "w-20 shrink-0"].filter(Boolean).join(" ")}>
        {"DURATION"}
      </p>
      <p className={["text-xs", "font-bold", "uppercase", "tracking-widest", "text-zinc-600", "flex-1"].filter(Boolean).join(" ")}>
        {"MODEL"}
      </p>
      <p className={["text-xs", "font-bold", "uppercase", "tracking-widest", "text-zinc-600", "w-20 shrink-0"].filter(Boolean).join(" ")}>
        {"STATUS"}
      </p>
      <p className={["text-xs", "font-bold", "uppercase", "tracking-widest", "text-zinc-600", "w-20 shrink-0 text-right"].filter(Boolean).join(" ")}>
        {"COST"}
      </p>
      <p className={["text-xs", "font-bold", "uppercase", "tracking-widest", "text-zinc-600", "w-20 shrink-0 text-right pr-1"].filter(Boolean).join(" ")}>
        {"TOKENS"}
      </p>
    </div>
  );
}
