---
source: crates/vox-compiler/tests/golden_runs_surface_test.rs
assertion_line: 236
expression: ts
---
import React from "react";

export interface EventRowProps {
  kind: string;
  label: string;
  ts: string;
}

export function EventRow({ kind, label, ts }: EventRowProps): React.ReactElement {
  return (
<row items={"start"} gap={3} pad_y={1} border_b={true} border_color={"zinc.800/40"}
>
  <text size={"xs"} fontFamily={"mono"} color={"zinc.700"} raw_class={"w-14 shrink-0 text-right"}
>
  {ts}
</text>
  <column gap={0} flex={1}
>
  <text size={"xs"} fontFamily={"mono"} color={"zinc.400"}
>
  {kind}
</text>
  <text size={"xs"} color={"zinc.600"} raw_class={"leading-snug"}
>
  {label}
</text>
</column>
</row>
  );
}
